Component: ARM Compiler 5.06 update 6 (build 750) Tool: armlink [4d35ed]

==============================================================================

Section Cross References

    startup_stm32f407xx.o(RESET) refers to startup_stm32f407xx.o(STACK) for __initial_sp
    startup_stm32f407xx.o(RESET) refers to startup_stm32f407xx.o(.text) for Reset_Handler
    startup_stm32f407xx.o(RESET) refers to stm32f4xx_it.o(i.NMI_Handler) for NMI_Handler
    startup_stm32f407xx.o(RESET) refers to stm32f4xx_it.o(i.HardFault_Handler) for HardFault_Handler
    startup_stm32f407xx.o(RESET) refers to stm32f4xx_it.o(i.MemManage_Handler) for MemManage_Handler
    startup_stm32f407xx.o(RESET) refers to stm32f4xx_it.o(i.BusFault_Handler) for BusFault_Handler
    startup_stm32f407xx.o(RESET) refers to stm32f4xx_it.o(i.UsageFault_Handler) for UsageFault_Handler
    startup_stm32f407xx.o(RESET) refers to stm32f4xx_it.o(i.SVC_Handler) for SVC_Handler
    startup_stm32f407xx.o(RESET) refers to stm32f4xx_it.o(i.DebugMon_Handler) for DebugMon_Handler
    startup_stm32f407xx.o(RESET) refers to stm32f4xx_it.o(i.PendSV_Handler) for PendSV_Handler
    startup_stm32f407xx.o(RESET) refers to stm32f4xx_it.o(i.SysTick_Handler) for SysTick_Handler
    startup_stm32f407xx.o(RESET) refers to stm32f4xx_it.o(i.TIM1_BRK_TIM9_IRQHandler) for TIM1_BRK_TIM9_IRQHandler
    startup_stm32f407xx.o(RESET) refers to stm32f4xx_it.o(i.USART1_IRQHandler) for USART1_IRQHandler
    startup_stm32f407xx.o(RESET) refers to stm32f4xx_it.o(i.DMA2_Stream2_IRQHandler) for DMA2_Stream2_IRQHandler
    startup_stm32f407xx.o(RESET) refers to stm32f4xx_it.o(i.DMA2_Stream7_IRQHandler) for DMA2_Stream7_IRQHandler
    startup_stm32f407xx.o(.text) refers to system_stm32f4xx.o(i.SystemInit) for SystemInit
    startup_stm32f407xx.o(.text) refers to entry.o(.ARM.Collect$$$$00000000) for __main
    main.o(i.HAL_TIM_IC_CaptureCallback) refers to stm32f4xx_hal_tim.o(i.HAL_TIM_ReadCapturedValue) for HAL_TIM_ReadCapturedValue
    main.o(i.HAL_TIM_IC_CaptureCallback) refers to stm32f4xx_hal_tim.o(i.HAL_TIM_IC_Stop_IT) for HAL_TIM_IC_Stop_IT
    main.o(i.HAL_TIM_IC_CaptureCallback) refers to main.o(.data) for capture_Cnt
    main.o(i.HAL_TIM_IC_CaptureCallback) refers to tim.o(.bss) for htim9
    main.o(i._Z17HCSR04_Init_Startv) refers to stm32f4xx_hal_gpio.o(i.HAL_GPIO_WritePin) for HAL_GPIO_WritePin
    main.o(i._Z17HCSR04_Init_Startv) refers to tim.o(i.delay_us) for delay_us
    main.o(i._Z18SystemClock_Configv) refers to memseta.o(.text) for __aeabi_memclr4
    main.o(i._Z18SystemClock_Configv) refers to stm32f4xx_hal_rcc.o(i.HAL_RCC_OscConfig) for HAL_RCC_OscConfig
    main.o(i._Z18SystemClock_Configv) refers to main.o(i.Error_Handler) for Error_Handler
    main.o(i._Z18SystemClock_Configv) refers to stm32f4xx_hal_rcc.o(i.HAL_RCC_ClockConfig) for HAL_RCC_ClockConfig
    main.o(i.__sti___6_main_c_Chassis) refers to aeabi_vec_ctor_nocookie_nodtor.o(i.__aeabi_vec_ctor_nocookie_nodtor) for __aeabi_vec_ctor_nocookie_nodtor
    main.o(i.__sti___6_main_c_Chassis) refers to main.o(.bss) for Chassis
    main.o(i.__sti___6_main_c_Chassis) refers to main.o(i._ZN11Class_MotorC1Ev) for Class_Motor::Class_Motor()
    main.o(i.__sti___6_main_c_Chassis) refers to main.o(.constdata) for <Data1>
    main.o(i.main) refers to stm32f4xx_hal.o(i.HAL_Init) for HAL_Init
    main.o(i.main) refers to main.o(i._Z18SystemClock_Configv) for SystemClock_Config()
    main.o(i.main) refers to gpio.o(i.MX_GPIO_Init) for MX_GPIO_Init
    main.o(i.main) refers to dma.o(i.MX_DMA_Init) for MX_DMA_Init
    main.o(i.main) refers to tim.o(i.MX_TIM3_Init) for MX_TIM3_Init
    main.o(i.main) refers to tim.o(i.MX_TIM4_Init) for MX_TIM4_Init
    main.o(i.main) refers to tim.o(i.MX_TIM5_Init) for MX_TIM5_Init
    main.o(i.main) refers to tim.o(i.MX_TIM7_Init) for MX_TIM7_Init
    main.o(i.main) refers to tim.o(i.MX_TIM9_Init) for MX_TIM9_Init
    main.o(i.main) refers to usart.o(i.MX_USART2_UART_Init) for MX_USART2_UART_Init
    main.o(i.main) refers to usart.o(i.MX_USART1_UART_Init) for MX_USART1_UART_Init
    main.o(i.main) refers to stm32f4xx_hal_tim.o(i.HAL_TIM_IC_Start_IT) for HAL_TIM_IC_Start_IT
    main.o(i.main) refers to chassis.o(i._ZN13Class_Chassis4InitEv) for Class_Chassis::Init()
    main.o(i.main) refers to claw.o(i._ZN10Class_Claw4InitEv) for Class_Claw::Init()
    main.o(i.main) refers to relay.o(i._ZN11Class_Relay4InitEP12GPIO_TypeDeft) for Class_Relay::Init(GPIO_TypeDef*, unsigned short)
    main.o(i.main) refers to stm32f4xx_hal.o(i.HAL_Delay) for HAL_Delay
    main.o(i.main) refers to trace.o(i._Z18modified_trace_prei) for modified_trace_pre(int)
    main.o(i.main) refers to trace.o(i._Z10left_trackv) for left_track()
    main.o(i.main) refers to chassis.o(i._ZN13Class_Chassis16Changhu_velocityE12SpeedTypeDef) for Class_Chassis::Changhu_velocity(SpeedTypeDef)
    main.o(i.main) refers to stm32f4xx_hal_uart.o(i.HAL_UART_Transmit_DMA) for HAL_UART_Transmit_DMA
[...]
    ../clib/microlib/init/entry.s            0x00000000   Number         0  entry7b.o ABSOLUTE
    ../clib/microlib/init/entry.s            0x00000000   Number         0  entry7a.o ABSOLUTE
    ../clib/microlib/init/entry.s            0x00000000   Number         0  entry5.o ABSOLUTE
    ../clib/microlib/init/entry.s            0x00000000   Number         0  entry2.o ABSOLUTE
    ../clib/microlib/init/entry.s            0x00000000   Number         0  entry11b.o ABSOLUTE
    ../clib/microlib/init/entry.s            0x00000000   Number         0  entry11a.o ABSOLUTE
    ../clib/microlib/init/entry.s            0x00000000   Number         0  entry10b.o ABSOLUTE
    ../clib/microlib/longlong.c              0x00000000   Number         0  llshl.o ABSOLUTE
    ../clib/microlib/longlong.c              0x00000000   Number         0  llushr.o ABSOLUTE
    ../clib/microlib/malloc/malloc.c         0x00000000   Number         0  malloca.o ABSOLUTE
    ../clib/microlib/malloc/malloc.c         0x00000000   Number         0  malloc.o ABSOLUTE
    ../clib/microlib/malloc/malloc.c         0x00000000   Number         0  mallocra.o ABSOLUTE
    ../clib/microlib/malloc/malloc.c         0x00000000   Number         0  mallocr.o ABSOLUTE
    ../clib/microlib/malloc/mvars.c          0x00000000   Number         0  mvars.o ABSOLUTE
    ../clib/microlib/stdlib/abort.c          0x00000000   Number         0  abort.o ABSOLUTE
    ../clib/microlib/stdlib/bsearch.c        0x00000000   Number         0  bsearch.o ABSOLUTE
    ../clib/microlib/string/memcpy.c         0x00000000   Number         0  memcpyb.o ABSOLUTE
    ../clib/microlib/string/memcpy.c         0x00000000   Number         0  memcpya.o ABSOLUTE
    ../clib/microlib/string/memset.c         0x00000000   Number         0  memseta.o ABSOLUTE
    ..\Core\Src\dma.c                        0x00000000   Number         0  dma.o ABSOLUTE
    ..\Core\Src\gpio.c                       0x00000000   Number         0  gpio.o ABSOLUTE
    ..\Core\Src\main.c                       0x00000000   Number         0  main.o ABSOLUTE
    ..\Core\Src\stm32f4xx_hal_msp.c          0x00000000   Number         0  stm32f4xx_hal_msp.o ABSOLUTE
    ..\Core\Src\stm32f4xx_it.c               0x00000000   Number         0  stm32f4xx_it.o ABSOLUTE
    ..\Core\Src\system_stm32f4xx.c           0x00000000   Number         0  system_stm32f4xx.o ABSOLUTE
    ..\Core\Src\tim.c                        0x00000000   Number         0  tim.o ABSOLUTE
    ..\Core\Src\usart.c                      0x00000000   Number         0  usart.o ABSOLUTE
    ..\Drivers\STM32F4xx_HAL_Driver\Src\stm32f4xx_hal.c 0x00000000   Number         0  stm32f4xx_hal.o ABSOLUTE
    ..\Drivers\STM32F4xx_HAL_Driver\Src\stm32f4xx_hal_cortex.c 0x00000000   Number         0  stm32f4xx_hal_cortex.o ABSOLUTE
    ..\Drivers\STM32F4xx_HAL_Driver\Src\stm32f4xx_hal_dma.c 0x00000000   Number         0  stm32f4xx_hal_dma.o ABSOLUTE
    ..\Drivers\STM32F4xx_HAL_Driver\Src\stm32f4xx_hal_dma_ex.c 0x00000000   Number         0  stm32f4xx_hal_dma_ex.o ABSOLUTE
    ..\Drivers\STM32F4xx_HAL_Driver\Src\stm32f4xx_hal_exti.c 0x00000000   Number         0  stm32f4xx_hal_exti.o ABSOLUTE
    ..\Drivers\STM32F4xx_HAL_Driver\Src\stm32f4xx_hal_flash.c 0x00000000   Number         0  stm32f4xx_hal_flash.o ABSOLUTE
    ..\Drivers\STM32F4xx_HAL_Driver\Src\stm32f4xx_hal_flash_ex.c 0x00000000   Number         0  stm32f4xx_hal_flash_ex.o ABSOLUTE
    ..\Drivers\STM32F4xx_HAL_Driver\Src\stm32f4xx_hal_flash_ramfunc.c 0x00000000   Number         0  stm32f4xx_hal_flash_ramfunc.o ABSOLUTE
    ..\Drivers\STM32F4xx_HAL_Driver\Src\stm32f4xx_hal_gpio.c 0x00000000   Number         0  stm32f4xx_hal_gpio.o ABSOLUTE
    ..\Drivers\STM32F4xx_HAL_Driver\Src\stm32f4xx_hal_pwr.c 0x00000000   Number         0  stm32f4xx_hal_pwr.o ABSOLUTE
    ..\Drivers\STM32F4xx_HAL_Driver\Src\stm32f4xx_hal_pwr_ex.c 0x00000000   Number         0  stm32f4xx_hal_pwr_ex.o ABSOLUTE
    ..\Drivers\STM32F4xx_HAL_Driver\Src\stm32f4xx_hal_rcc.c 0x00000000   Number         0  stm32f4xx_hal_rcc.o ABSOLUTE
    ..\Drivers\STM32F4xx_HAL_Driver\Src\stm32f4xx_hal_rcc_ex.c 0x00000000   Number         0  stm32f4xx_hal_rcc_ex.o ABSOLUTE
    ..\Drivers\STM32F4xx_HAL_Driver\Src\stm32f4xx_hal_tim.c 0x00000000   Number         0  stm32f4xx_hal_tim.o ABSOLUTE
    ..\Drivers\STM32F4xx_HAL_Driver\Src\stm32f4xx_hal_tim_ex.c 0x00000000   Number         0  stm32f4xx_hal_tim_ex.o ABSOLUTE
    ..\Drivers\STM32F4xx_HAL_Driver\Src\stm32f4xx_hal_uart.c 0x00000000   Number         0  stm32f4xx_hal_uart.o ABSOLUTE
    ..\User\Algorithm\PID\PID.cpp            0x00000000   Number         0  pid.o ABSOLUTE
    ..\User\Device\Claw\Claw.cpp             0x00000000   Number         0  claw.o ABSOLUTE
    ..\User\Device\Motor\Motor.cpp           0x00000000   Number         0  motor.o ABSOLUTE
    ..\User\Device\Relay\Relay.cpp           0x00000000   Number         0  relay.o ABSOLUTE
    ..\User\Module\Chassis\Chassis.cpp       0x00000000   Number         0  chassis.o ABSOLUTE
    ..\User\red\trace.cpp                    0x00000000   Number         0  trace.o ABSOLUTE
    ..\\User\\Algorithm\\PID\\PID.cpp        0x00000000   Number         0  pid.o ABSOLUTE
    ..\\User\\Device\\Claw\\Claw.cpp         0x00000000   Number         0  claw.o ABSOLUTE
    ..\\User\\Device\\Motor\\Motor.cpp       0x00000000   Number         0  motor.o ABSOLUTE
    ..\\User\\Device\\Relay\\Relay.cpp       0x00000000   Number         0  relay.o ABSOLUTE
    ..\\User\\Module\\Chassis\\Chassis.cpp   0x00000000   Number         0  chassis.o ABSOLUTE
    ..\\User\\red\\trace.cpp                 0x00000000   Number         0  trace.o ABSOLUTE
    dc.s                                     0x00000000   Number         0  dc.o ABSOLUTE
    handlers.s                               0x00000000   Number         0  handlers.o ABSOLUTE
    init.s                                   0x00000000   Number         0  init.o ABSOLUTE
    startup_stm32f407xx.s                    0x00000000   Number         0  startup_stm32f407xx.o ABSOLUTE
    RESET                                    0x08000000   Section      392  startup_stm32f407xx.o(RESET)
    .ARM.Collect$$$$00000000                 0x08000188   Section        0  entry.o(.ARM.Collect$$$$00000000)
    .ARM.Collect$$$$00000001                 0x08000188   Section        4  entry2.o(.ARM.Collect$$$$00000001)
    .ARM.Collect$$$$00000004                 0x0800018c   Section        4  entry5.o(.ARM.Collect$$$$00000004)
    .ARM.Collect$$$$00000008                 0x08000190   Section        0  entry7b.o(.ARM.Collect$$$$00000008)
    .ARM.Collect$$$$00000009                 0x08000190   Section        4  entry8a.o(.ARM.Collect$$$$00000009)
    .ARM.Collect$$$$0000000A                 0x08000194   Section        0  entry8b.o(.ARM.Collect$$$$0000000A)
    .ARM.Collect$$$$0000000B                 0x08000194   Section        8  entry9a.o(.ARM.Collect$$$$0000000B)
    .ARM.Collect$$$$0000000D                 0x0800019c   Section        0  entry10a.o(.ARM.Collect$$$$0000000D)
    .ARM.Collect$$$$0000000F                 0x0800019c   Section        0  entry11a.o(.ARM.Collect$$$$0000000F)
    .ARM.Collect$$$$00002712                 0x0800019c   Section        4  entry2.o(.ARM.Collect$$$$00002712)
    __lit__00000000                          0x0800019c   Data           4  entry2.o(.ARM.Collect$$$$00002712)
    .text                                    0x080001a0   Section       36  startup_stm32f407xx.o(.text)
    $v0                                      0x080001a0   Number         0  startup_stm32f407xx.o(.text)
    .text                                    0x080001c4   Section        0  uldiv.o(.text)
    .text                                    0x08000226   Section        0  memcpya.o(.text)
    .text                                    0x0800024a   Section        0  memseta.o(.text)
    .text                                    0x08000270   Section        0  cpp_init.o(.text)
    .text                                    0x08000290   Section        0  llshl.o(.text)
    .text                                    0x080002ae   Section        0  llushr.o(.text)
    .text                                    0x080002d0   Section       36  init.o(.text)
    i.BusFault_Handler                       0x080002f4   Section        0  stm32f4xx_it.o(i.BusFault_Handler)
    i.DMA2_Stream2_IRQHandler                0x080002f8   Section        0  stm32f4xx_it.o(i.DMA2_Stream2_IRQHandler)
    i.DMA2_Stream7_IRQHandler                0x08000308   Section        0  stm32f4xx_it.o(i.DMA2_Stream7_IRQHandler)
    i.DebugMon_Handler                       0x08000318   Section        0  stm32f4xx_it.o(i.DebugMon_Handler)
    i.Error_Handler                          0x0800031a   Section        0  main.o(i.Error_Handler)
    i.HAL_DMA_Abort                          0x08000320   Section        0  stm32f4xx_hal_dma.o(i.HAL_DMA_Abort)
    i.HAL_DMA_Abort_IT                       0x080003cc   Section        0  stm32f4xx_hal_dma.o(i.HAL_DMA_Abort_IT)
    i.HAL_DMA_IRQHandler                     0x080003f4   Section        0  stm32f4xx_hal_dma.o(i.HAL_DMA_IRQHandler)
    i.HAL_DMA_Init                           0x08000634   Section        0  stm32f4xx_hal_dma.o(i.HAL_DMA_Init)
    i.HAL_DMA_Start_IT                       0x08000720   Section        0  stm32f4xx_hal_dma.o(i.HAL_DMA_Start_IT)
    i.HAL_Delay                              0x080007b4   Section        0  stm32f4xx_hal.o(i.HAL_Delay)
    i.HAL_GPIO_Init                          0x080007dc   Section        0  stm32f4xx_hal_gpio.o(i.HAL_GPIO_Init)
    i.HAL_GPIO_ReadPin                       0x080009d0   Section        0  stm32f4xx_hal_gpio.o(i.HAL_GPIO_ReadPin)
    i.HAL_GPIO_WritePin                      0x080009e0   Section        0  stm32f4xx_hal_gpio.o(i.HAL_GPIO_WritePin)
    i.HAL_GetTick                            0x080009ec   Section        0  stm32f4xx_hal.o(i.HAL_GetTick)
    i.HAL_IncTick                            0x080009f8   Section        0  stm32f4xx_hal.o(i.HAL_IncTick)
    i.HAL_Init                               0x08000a10   Section        0  stm32f4xx_hal.o(i.HAL_Init)
    i.HAL_InitTick                           0x08000a4c   Section        0  stm32f4xx_hal.o(i.HAL_InitTick)
    i.HAL_MspInit                            0x08000a98   Section        0  stm32f4xx_hal_msp.o(i.HAL_MspInit)
    i.HAL_NVIC_EnableIRQ                     0x08000ae0   Section        0  stm32f4xx_hal_cortex.o(i.HAL_NVIC_EnableIRQ)
    i.HAL_NVIC_SetPriority                   0x08000b00   Section        0  stm32f4xx_hal_cortex.o(i.HAL_NVIC_SetPriority)
    i.HAL_NVIC_SetPriorityGrouping           0x08000b7c   Section        0  stm32f4xx_hal_cortex.o(i.HAL_NVIC_SetPriorityGrouping)
    i.HAL_RCC_ClockConfig                    0x08000ba4   Section        0  stm32f4xx_hal_rcc.o(i.HAL_RCC_ClockConfig)
    i.HAL_RCC_GetHCLKFreq                    0x08000d28   Section        0  stm32f4xx_hal_rcc.o(i.HAL_RCC_GetHCLKFreq)
    i.HAL_RCC_GetPCLK1Freq                   0x08000d34   Section        0  stm32f4xx_hal_rcc.o(i.HAL_RCC_GetPCLK1Freq)
    i.HAL_RCC_GetPCLK2Freq                   0x08000d54   Section        0  stm32f4xx_hal_rcc.o(i.HAL_RCC_GetPCLK2Freq)
    i.HAL_RCC_GetSysClockFreq                0x08000d74   Section        0  stm32f4xx_hal_rcc.o(i.HAL_RCC_GetSysClockFreq)
    i.HAL_RCC_OscConfig                      0x08000e24   Section        0  stm32f4xx_hal_rcc.o(i.HAL_RCC_OscConfig)
    i.HAL_SYSTICK_Config                     0x080012c0   Section        0  stm32f4xx_hal_cortex.o(i.HAL_SYSTICK_Config)
    i.HAL_TIMEx_BreakCallback                0x080012f4   Section        0  stm32f4xx_hal_tim_ex.o(i.HAL_TIMEx_BreakCallback)
    i.HAL_TIMEx_CommutCallback               0x080012f6   Section        0  stm32f4xx_hal_tim_ex.o(i.HAL_TIMEx_CommutCallback)
    i.HAL_TIMEx_MasterConfigSynchronization  0x080012f8   Section        0  stm32f4xx_hal_tim_ex.o(i.HAL_TIMEx_MasterConfigSynchronization)
    i.HAL_TIM_Base_Init                      0x080013ac   Section        0  stm32f4xx_hal_tim.o(i.HAL_TIM_Base_Init)
    i.HAL_TIM_Base_MspInit                   0x08001414   Section        0  tim.o(i.HAL_TIM_Base_MspInit)
    i.HAL_TIM_ConfigClockSource              0x0800155c   Section        0  stm32f4xx_hal_tim.o(i.HAL_TIM_ConfigClockSource)
    i.HAL_TIM_IC_CaptureCallback             0x08001668   Section        0  main.o(i.HAL_TIM_IC_CaptureCallback)
    i.HAL_TIM_IC_ConfigChannel               0x080016f0   Section        0  stm32f4xx_hal_tim.o(i.HAL_TIM_IC_ConfigChannel)
    i.HAL_TIM_IC_Init                        0x080017ce   Section        0  stm32f4xx_hal_tim.o(i.HAL_TIM_IC_Init)
    i.HAL_TIM_IC_MspInit                     0x08001834   Section        0  stm32f4xx_hal_tim.o(i.HAL_TIM_IC_MspInit)
    i.HAL_TIM_IC_Start_IT                    0x08001838   Section        0  stm32f4xx_hal_tim.o(i.HAL_TIM_IC_Start_IT)
    i.HAL_TIM_IC_Stop_IT                     0x080019c8   Section        0  stm32f4xx_hal_tim.o(i.HAL_TIM_IC_Stop_IT)
    i.HAL_TIM_IRQHandler                     0x08001aa6   Section        0  stm32f4xx_hal_tim.o(i.HAL_TIM_IRQHandler)
    i.HAL_TIM_MspPostInit                    0x08001c3c   Section        0  tim.o(i.HAL_TIM_MspPostInit)
    i.HAL_TIM_OC_DelayElapsedCallback        0x08001d64   Section        0  stm32f4xx_hal_tim.o(i.HAL_TIM_OC_DelayElapsedCallback)
    i.HAL_TIM_PWM_ConfigChannel              0x08001d66   Section        0  stm32f4xx_hal_tim.o(i.HAL_TIM_PWM_ConfigChannel)
    i.HAL_TIM_PWM_Init                       0x08001e6a   Section        0  stm32f4xx_hal_tim.o(i.HAL_TIM_PWM_Init)
    i.HAL_TIM_PWM_MspInit                    0x08001ed0   Section        0  stm32f4xx_hal_tim.o(i.HAL_TIM_PWM_MspInit)
    i.HAL_TIM_PWM_PulseFinishedCallback      0x08001ed2   Section        0  stm32f4xx_hal_tim.o(i.HAL_TIM_PWM_PulseFinishedCallback)
    i.HAL_TIM_PWM_Start                      0x08001ed4   Section        0  stm32f4xx_hal_tim.o(i.HAL_TIM_PWM_Start)
    i.HAL_TIM_PeriodElapsedCallback          0x08001fe0   Section        0  stm32f4xx_hal_tim.o(i.HAL_TIM_PeriodElapsedCallback)
    i.HAL_TIM_ReadCapturedValue              0x08001fe2   Section        0  stm32f4xx_hal_tim.o(i.HAL_TIM_ReadCapturedValue)
    i.HAL_TIM_TriggerCallback                0x08002014   Section        0  stm32f4xx_hal_tim.o(i.HAL_TIM_TriggerCallback)
    i.HAL_UARTEx_RxEventCallback             0x08002016   Section        0  stm32f4xx_hal_uart.o(i.HAL_UARTEx_RxEventCallback)
    i.HAL_UART_ErrorCallback                 0x08002018   Section        0  stm32f4xx_hal_uart.o(i.HAL_UART_ErrorCallback)
    i.HAL_UART_IRQHandler                    0x0800201c   Section        0  stm32f4xx_hal_uart.o(i.HAL_UART_IRQHandler)
    i.HAL_UART_Init                          0x080022fc   Section        0  stm32f4xx_hal_uart.o(i.HAL_UART_Init)
    i.HAL_UART_MspInit                       0x08002370   Section        0  usart.o(i.HAL_UART_MspInit)
    i.HAL_UART_Receive_DMA                   0x08002558   Section        0  stm32f4xx_hal_uart.o(i.HAL_UART_Receive_DMA)
    i.HAL_UART_RxCpltCallback                0x0800259a   Section        0  stm32f4xx_hal_uart.o(i.HAL_UART_RxCpltCallback)
    i.HAL_UART_RxHalfCpltCallback            0x0800259c   Section        0  stm32f4xx_hal_uart.o(i.HAL_UART_RxHalfCpltCallback)
    i.HAL_UART_Transmit_DMA                  0x080025a0   Section        0  stm32f4xx_hal_uart.o(i.HAL_UART_Transmit_DMA)
    i.HAL_UART_TxCpltCallback                0x0800264c   Section        0  stm32f4xx_hal_uart.o(i.HAL_UART_TxCpltCallback)
    i.HAL_UART_TxHalfCpltCallback            0x0800264e   Section        0  stm32f4xx_hal_uart.o(i.HAL_UART_TxHalfCpltCallback)
    i.HardFault_Handler                      0x08002650   Section        0  stm32f4xx_it.o(i.HardFault_Handler)
    i.MX_DMA_Init                            0x08002654   Section        0  dma.o(i.MX_DMA_Init)
    i.MX_GPIO_Init                           0x0800269c   Section        0  gpio.o(i.MX_GPIO_Init)
    i.MX_TIM3_Init                           0x080028bc   Section        0  tim.o(i.MX_TIM3_Init)
    i.MX_TIM4_Init                           0x08002990   Section        0  tim.o(i.MX_TIM4_Init)
    i.MX_TIM5_Init                           0x08002a44   Section        0  tim.o(i.MX_TIM5_Init)
    i.MX_TIM7_Init                           0x08002ab0   Section        0  tim.o(i.MX_TIM7_Init)
    i.MX_TIM9_Init                           0x08002af8   Section        0  tim.o(i.MX_TIM9_Init)
    i.MX_USART1_UART_Init                    0x08002b80   Section        0  usart.o(i.MX_USART1_UART_Init)
    i.MX_USART2_UART_Init                    0x08002bb8   Section        0  usart.o(i.MX_USART2_UART_Init)
    i.MemManage_Handler                      0x08002bf0   Section        0  stm32f4xx_it.o(i.MemManage_Handler)
    i.NMI_Handler                            0x08002bf4   Section        0  stm32f4xx_it.o(i.NMI_Handler)
    i.PendSV_Handler                         0x08002bf8   Section        0  stm32f4xx_it.o(i.PendSV_Handler)
    i.SVC_Handler                            0x08002bfa   Section        0  stm32f4xx_it.o(i.SVC_Handler)
    i.SysTick_Handler                        0x08002bfc   Section        0  stm32f4xx_it.o(i.SysTick_Handler)
    i.SystemInit                             0x08002c04   Section        0  system_stm32f4xx.o(i.SystemInit)
    i.TIM1_BRK_TIM9_IRQHandler               0x08002c18   Section        0  stm32f4xx_it.o(i.TIM1_BRK_TIM9_IRQHandler)
    i.TIM_Base_SetConfig                     0x08002c28   Section        0  stm32f4xx_hal_tim.o(i.TIM_Base_SetConfig)
    i.TIM_CCxChannelCmd                      0x08002d00   Section        0  stm32f4xx_hal_tim.o(i.TIM_CCxChannelCmd)
    i.TIM_ETR_SetConfig                      0x08002d22   Section        0  stm32f4xx_hal_tim.o(i.TIM_ETR_SetConfig)
    i.TIM_OC2_SetConfig                      0x08002d38   Section        0  stm32f4xx_hal_tim.o(i.TIM_OC2_SetConfig)
    i.TIM_TI1_SetConfig                      0x08002db4   Section        0  stm32f4xx_hal_tim.o(i.TIM_TI1_SetConfig)
    i.UART_Start_Receive_DMA                 0x08002e44   Section        0  stm32f4xx_hal_uart.o(i.UART_Start_Receive_DMA)
    i.USART1_IRQHandler                      0x08002f14   Section        0  stm32f4xx_it.o(i.USART1_IRQHandler)
    i.UsageFault_Handler                     0x08002f54   Section        0  stm32f4xx_it.o(i.UsageFault_Handler)
    i._Z10check_linev                        0x08002f58   Section        0  trace.o(i._Z10check_linev)
    i._Z10left_trackv                        0x080030c4   Section        0  trace.o(i._Z10left_trackv)
    i._Z11right_trackv                       0x08003188   Section        0  trace.o(i._Z11right_trackv)
    i._Z13read_redsensev                     0x0800324c   Section        0  trace.o(i._Z13read_redsensev)
    i._Z15trace_check_twov                   0x0800336c   Section        0  trace.o(i._Z15trace_check_twov)
    i._Z15trace_xuanzhuanv                   0x0800339c   Section        0  trace.o(i._Z15trace_xuanzhuanv)
    i._Z18SystemClock_Configv                0x08003420   Section        0  main.o(i._Z18SystemClock_Configv)
    i._Z18modified_trace_prei                0x080034d4   Section        0  trace.o(i._Z18modified_trace_prei)
    i._Z21trace_check_crossroadv             0x08003558   Section        0  trace.o(i._Z21trace_check_crossroadv)
    i._ZN10Class_Claw16Changhu_velocityE12SpeedTypeDef 0x080035c8   Section        0  claw.o(i._ZN10Class_Claw16Changhu_velocityE12SpeedTypeDef)
    i._ZN10Class_Claw4InitEv                 0x08003624   Section        0  claw.o(i._ZN10Class_Claw4InitEv)
    i._ZN11Class_Motor4InitE17TIM_HandleTypeDefhtP12GPIO_TypeDeftS2_ 0x08003748   Section        0  motor.o(i._ZN11Class_Motor4InitE17TIM_HandleTypeDefhtP12GPIO_TypeDeftS2_)
    i._ZN11Class_Motor6OutputEv              0x080037d2   Section        0  motor.o(i._ZN11Class_Motor6OutputEv)
    i._ZN11Class_Motor7Set_OutEi             0x08003878   Section        0  motor.o(i._ZN11Class_Motor7Set_OutEi)
    i._ZN11Class_MotorC1Ev                   0x0800387c   Section        0  main.o(i._ZN11Class_MotorC1Ev)
    i._ZN11Class_Relay26set_Relay_output_situationEt 0x0800389c   Section        0  relay.o(i._ZN11Class_Relay26set_Relay_output_situationEt)
    i._ZN11Class_Relay4InitEP12GPIO_TypeDeft 0x080038c0   Section        0  relay.o(i._ZN11Class_Relay4InitEP12GPIO_TypeDeft)
    i._ZN13Class_Chassis16Changhu_velocityE12SpeedTypeDef 0x080038c8   Section        0  chassis.o(i._ZN13Class_Chassis16Changhu_velocityE12SpeedTypeDef)
    i._ZN13Class_Chassis4InitEv              0x08004084   Section        0  chassis.o(i._ZN13Class_Chassis4InitEv)
    i._ZN41_INTERNAL_19_stm32f4xx_hal_dma_c_c25f65ec13DMA_SetConfigEP19__DMA_HandleTypeDefjjj 0x080042c4   Section        0  stm32f4xx_hal_dma.o(i._ZN41_INTERNAL_19_stm32f4xx_hal_dma_c_c25f65ec13DMA_SetConfigEP19__DMA_HandleTypeDefjjj)
    [local to stm32f4xx_hal_dma_c]::DMA_SetConfig(__DMA_HandleTypeDef*, unsigned, unsigned, unsigned) 0x080042c5   Thumb Code    44  stm32f4xx_hal_dma.o(i._ZN41_INTERNAL_19_stm32f4xx_hal_dma_c_c25f65ec13DMA_SetConfigEP19__DMA_HandleTypeDefjjj)
    i._ZN41_INTERNAL_19_stm32f4xx_hal_dma_c_c25f65ec18DMA_CheckFifoParamEP19__DMA_HandleTypeDef 0x080042f0   Section        0  stm32f4xx_hal_dma.o(i._ZN41_INTERNAL_19_stm32f4xx_hal_dma_c_c25f65ec18DMA_CheckFifoParamEP19__DMA_HandleTypeDef)
    [local to stm32f4xx_hal_dma_c]::DMA_CheckFifoParam(__DMA_HandleTypeDef*) 0x080042f1   Thumb Code   170  stm32f4xx_hal_dma.o(i._ZN41_INTERNAL_19_stm32f4xx_hal_dma_c_c25f65ec18DMA_CheckFifoParamEP19__DMA_HandleTypeDef)
    i._ZN41_INTERNAL_19_stm32f4xx_hal_dma_c_c25f65ec23DMA_CalcBaseAndBitshiftEP19__DMA_HandleTypeDef 0x0800439c   Section        0  stm32f4xx_hal_dma.o(i._ZN41_INTERNAL_19_stm32f4xx_hal_dma_c_c25f65ec23DMA_CalcBaseAndBitshiftEP19__DMA_HandleTypeDef)
    [local to stm32f4xx_hal_dma_c]::DMA_CalcBaseAndBitshift(__DMA_HandleTypeDef*) 0x0800439d   Thumb Code    46  stm32f4xx_hal_dma.o(i._ZN41_INTERNAL_19_stm32f4xx_hal_dma_c_c25f65ec23DMA_CalcBaseAndBitshiftEP19__DMA_HandleTypeDef)
    i._ZN41_INTERNAL_19_stm32f4xx_hal_tim_c_a9d95b5217TIM_OC1_SetConfigEP11TIM_TypeDefP18TIM_OC_InitTypeDef 0x080043d0   Section        0  stm32f4xx_hal_tim.o(i._ZN41_INTERNAL_19_stm32f4xx_hal_tim_c_a9d95b5217TIM_OC1_SetConfigEP11TIM_TypeDefP18TIM_OC_InitTypeDef)
    [local to stm32f4xx_hal_tim_c]::TIM_OC1_SetConfig(TIM_TypeDef*, TIM_OC_InitTypeDef*) 0x080043d1   Thumb Code   104  stm32f4xx_hal_tim.o(i._ZN41_INTERNAL_19_stm32f4xx_hal_tim_c_a9d95b5217TIM_OC1_SetConfigEP11TIM_TypeDefP18TIM_OC_InitTypeDef)
    i._ZN41_INTERNAL_19_stm32f4xx_hal_tim_c_a9d95b5217TIM_OC3_SetConfigEP11TIM_TypeDefP18TIM_OC_InitTypeDef 0x08004440   Section        0  stm32f4xx_hal_tim.o(i._ZN41_INTERNAL_19_stm32f4xx_hal_tim_c_a9d95b5217TIM_OC3_SetConfigEP11TIM_TypeDefP18TIM_OC_InitTypeDef)
    [local to stm32f4xx_hal_tim_c]::TIM_OC3_SetConfig(TIM_TypeDef*, TIM_OC_InitTypeDef*) 0x08004441   Thumb Code   112  stm32f4xx_hal_tim.o(i._ZN41_INTERNAL_19_stm32f4xx_hal_tim_c_a9d95b5217TIM_OC3_SetConfigEP11TIM_TypeDefP18TIM_OC_InitTypeDef)
    i._ZN41_INTERNAL_19_stm32f4xx_hal_tim_c_a9d95b5217TIM_OC4_SetConfigEP11TIM_TypeDefP18TIM_OC_InitTypeDef 0x080044b8   Section        0  stm32f4xx_hal_tim.o(i._ZN41_INTERNAL_19_stm32f4xx_hal_tim_c_a9d95b5217TIM_OC4_SetConfigEP11TIM_TypeDefP18TIM_OC_InitTypeDef)
    [local to stm32f4xx_hal_tim_c]::TIM_OC4_SetConfig(TIM_TypeDef*, TIM_OC_InitTypeDef*) 0x080044b9   Thumb Code    74  stm32f4xx_hal_tim.o(i._ZN41_INTERNAL_19_stm32f4xx_hal_tim_c_a9d95b5217TIM_OC4_SetConfigEP11TIM_TypeDefP18TIM_OC_InitTypeDef)
    i._ZN41_INTERNAL_19_stm32f4xx_hal_tim_c_a9d95b5217TIM_TI2_SetConfigEP11TIM_TypeDefjjj 0x0800450c   Section        0  stm32f4xx_hal_tim.o(i._ZN41_INTERNAL_19_stm32f4xx_hal_tim_c_a9d95b5217TIM_TI2_SetConfigEP11TIM_TypeDefjjj)
    [local to stm32f4xx_hal_tim_c]::TIM_TI2_SetConfig(TIM_TypeDef*, unsigned, unsigned, unsigned) 0x0800450d   Thumb Code    58  stm32f4xx_hal_tim.o(i._ZN41_INTERNAL_19_stm32f4xx_hal_tim_c_a9d95b5217TIM_TI2_SetConfigEP11TIM_TypeDefjjj)
    i._ZN41_INTERNAL_19_stm32f4xx_hal_tim_c_a9d95b5217TIM_TI3_SetConfigEP11TIM_TypeDefjjj 0x08004546   Section        0  stm32f4xx_hal_tim.o(i._ZN41_INTERNAL_19_stm32f4xx_hal_tim_c_a9d95b5217TIM_TI3_SetConfigEP11TIM_TypeDefjjj)
    [local to stm32f4xx_hal_tim_c]::TIM_TI3_SetConfig(TIM_TypeDef*, unsigned, unsigned, unsigned) 0x08004547   Thumb Code    56  stm32f4xx_hal_tim.o(i._ZN41_INTERNAL_19_stm32f4xx_hal_tim_c_a9d95b5217TIM_TI3_SetConfigEP11TIM_TypeDefjjj)
    i._ZN41_INTERNAL_19_stm32f4xx_hal_tim_c_a9d95b5217TIM_TI4_SetConfigEP11TIM_TypeDefjjj 0x0800457e   Section        0  stm32f4xx_hal_tim.o(i._ZN41_INTERNAL_19_stm32f4xx_hal_tim_c_a9d95b5217TIM_TI4_SetConfigEP11TIM_TypeDefjjj)
    [local to stm32f4xx_hal_tim_c]::TIM_TI4_SetConfig(TIM_TypeDef*, unsigned, unsigned, unsigned) 0x0800457f   Thumb Code    60  stm32f4xx_hal_tim.o(i._ZN41_INTERNAL_19_stm32f4xx_hal_tim_c_a9d95b5217TIM_TI4_SetConfigEP11TIM_TypeDefjjj)
    i._ZN41_INTERNAL_19_stm32f4xx_hal_tim_c_a9d95b5218TIM_ITRx_SetConfigEP11TIM_TypeDefj 0x080045ba   Section        0  stm32f4xx_hal_tim.o(i._ZN41_INTERNAL_19_stm32f4xx_hal_tim_c_a9d95b5218TIM_ITRx_SetConfigEP11TIM_TypeDefj)
    [local to stm32f4xx_hal_tim_c]::TIM_ITRx_SetConfig(TIM_TypeDef*, unsigned) 0x080045bb   Thumb Code    18  stm32f4xx_hal_tim.o(i._ZN41_INTERNAL_19_stm32f4xx_hal_tim_c_a9d95b5218TIM_ITRx_SetConfigEP11TIM_TypeDefj)
    i._ZN41_INTERNAL_19_stm32f4xx_hal_tim_c_a9d95b5224TIM_TI1_ConfigInputStageEP11TIM_TypeDefjj 0x080045cc   Section        0  stm32f4xx_hal_tim.o(i._ZN41_INTERNAL_19_stm32f4xx_hal_tim_c_a9d95b5224TIM_TI1_ConfigInputStageEP11TIM_TypeDefjj)
    [local to stm32f4xx_hal_tim_c]::TIM_TI1_ConfigInputStage(TIM_TypeDef*, unsigned, unsigned) 0x080045cd   Thumb Code    38  stm32f4xx_hal_tim.o(i._ZN41_INTERNAL_19_stm32f4xx_hal_tim_c_a9d95b5224TIM_TI1_ConfigInputStageEP11TIM_TypeDefjj)
    i._ZN41_INTERNAL_19_stm32f4xx_hal_tim_c_a9d95b5224TIM_TI2_ConfigInputStageEP11TIM_TypeDefjj 0x080045f2   Section        0  stm32f4xx_hal_tim.o(i._ZN41_INTERNAL_19_stm32f4xx_hal_tim_c_a9d95b5224TIM_TI2_ConfigInputStageEP11TIM_TypeDefjj)
    [local to stm32f4xx_hal_tim_c]::TIM_TI2_ConfigInputStage(TIM_TypeDef*, unsigned, unsigned) 0x080045f3   Thumb Code    40  stm32f4xx_hal_tim.o(i._ZN41_INTERNAL_19_stm32f4xx_hal_tim_c_a9d95b5224TIM_TI2_ConfigInputStageEP11TIM_TypeDefjj)
    i._ZN42_INTERNAL_20_stm32f4xx_hal_uart_c_d497114f13UART_DMAErrorEP19__DMA_HandleTypeDef 0x0800461a   Section        0  stm32f4xx_hal_uart.o(i._ZN42_INTERNAL_20_stm32f4xx_hal_uart_c_d497114f13UART_DMAErrorEP19__DMA_HandleTypeDef)
    [local to stm32f4xx_hal_uart_c]::UART_DMAError(__DMA_HandleTypeDef*) 0x0800461b   Thumb Code    80  stm32f4xx_hal_uart.o(i._ZN42_INTERNAL_20_stm32f4xx_hal_uart_c_d497114f13UART_DMAErrorEP19__DMA_HandleTypeDef)
    i._ZN42_INTERNAL_20_stm32f4xx_hal_uart_c_d497114f14UART_SetConfigEP20__UART_HandleTypeDef 0x0800466c   Section        0  stm32f4xx_hal_uart.o(i._ZN42_INTERNAL_20_stm32f4xx_hal_uart_c_d497114f14UART_SetConfigEP20__UART_HandleTypeDef)
    [local to stm32f4xx_hal_uart_c]::UART_SetConfig(__UART_HandleTypeDef*) 0x0800466d   Thumb Code   546  stm32f4xx_hal_uart.o(i._ZN42_INTERNAL_20_stm32f4xx_hal_uart_c_d497114f14UART_SetConfigEP20__UART_HandleTypeDef)
    i._ZN42_INTERNAL_20_stm32f4xx_hal_uart_c_d497114f15UART_Receive_ITEP20__UART_HandleTypeDef 0x08004898   Section        0  stm32f4xx_hal_uart.o(i._ZN42_INTERNAL_20_stm32f4xx_hal_uart_c_d497114f15UART_Receive_ITEP20__UART_HandleTypeDef)
    [local to stm32f4xx_hal_uart_c]::UART_Receive_IT(__UART_HandleTypeDef*) 0x08004899   Thumb Code   248  stm32f4xx_hal_uart.o(i._ZN42_INTERNAL_20_stm32f4xx_hal_uart_c_d497114f15UART_Receive_ITEP20__UART_HandleTypeDef)
    i._ZN42_INTERNAL_20_stm32f4xx_hal_uart_c_d497114f16UART_Transmit_ITEP20__UART_HandleTypeDef 0x08004990   Section        0  stm32f4xx_hal_uart.o(i._ZN42_INTERNAL_20_stm32f4xx_hal_uart_c_d497114f16UART_Transmit_ITEP20__UART_HandleTypeDef)
    [local to stm32f4xx_hal_uart_c]::UART_Transmit_IT(__UART_HandleTypeDef*) 0x08004991   Thumb Code    96  stm32f4xx_hal_uart.o(i._ZN42_INTERNAL_20_stm32f4xx_hal_uart_c_d497114f16UART_Transmit_ITEP20__UART_HandleTypeDef)
    i._ZN42_INTERNAL_20_stm32f4xx_hal_uart_c_d497114f18UART_DMARxHalfCpltEP19__DMA_HandleTypeDef 0x080049f0   Section        0  stm32f4xx_hal_uart.o(i._ZN42_INTERNAL_20_stm32f4xx_hal_uart_c_d497114f18UART_DMARxHalfCpltEP19__DMA_HandleTypeDef)
    [local to stm32f4xx_hal_uart_c]::UART_DMARxHalfCplt(__DMA_HandleTypeDef*) 0x080049f1   Thumb Code    32  stm32f4xx_hal_uart.o(i._ZN42_INTERNAL_20_stm32f4xx_hal_uart_c_d497114f18UART_DMARxHalfCpltEP19__DMA_HandleTypeDef)
    i._ZN42_INTERNAL_20_stm32f4xx_hal_uart_c_d497114f18UART_DMATxHalfCpltEP19__DMA_HandleTypeDef 0x08004a10   Section        0  stm32f4xx_hal_uart.o(i._ZN42_INTERNAL_20_stm32f4xx_hal_uart_c_d497114f18UART_DMATxHalfCpltEP19__DMA_HandleTypeDef)
    [local to stm32f4xx_hal_uart_c]::UART_DMATxHalfCplt(__DMA_HandleTypeDef*) 0x08004a11   Thumb Code    14  stm32f4xx_hal_uart.o(i._ZN42_INTERNAL_20_stm32f4xx_hal_uart_c_d497114f18UART_DMATxHalfCpltEP19__DMA_HandleTypeDef)
    i._ZN42_INTERNAL_20_stm32f4xx_hal_uart_c_d497114f18UART_EndRxTransferEP20__UART_HandleTypeDef 0x08004a1e   Section        0  stm32f4xx_hal_uart.o(i._ZN42_INTERNAL_20_stm32f4xx_hal_uart_c_d497114f18UART_EndRxTransferEP20__UART_HandleTypeDef)
    [local to stm32f4xx_hal_uart_c]::UART_EndRxTransfer(__UART_HandleTypeDef*) 0x08004a1f   Thumb Code   108  stm32f4xx_hal_uart.o(i._ZN42_INTERNAL_20_stm32f4xx_hal_uart_c_d497114f18UART_EndRxTransferEP20__UART_HandleTypeDef)
    i._ZN42_INTERNAL_20_stm32f4xx_hal_uart_c_d497114f18UART_EndTxTransferEP20__UART_HandleTypeDef 0x08004a8a   Section        0  stm32f4xx_hal_uart.o(i._ZN42_INTERNAL_20_stm32f4xx_hal_uart_c_d497114f18UART_EndTxTransferEP20__UART_HandleTypeDef)
    [local to stm32f4xx_hal_uart_c]::UART_EndTxTransfer(__UART_HandleTypeDef*) 0x08004a8b   Thumb Code    38  stm32f4xx_hal_uart.o(i._ZN42_INTERNAL_20_stm32f4xx_hal_uart_c_d497114f18UART_EndTxTransferEP20__UART_HandleTypeDef)
    i._ZN42_INTERNAL_20_stm32f4xx_hal_uart_c_d497114f19UART_DMAReceiveCpltEP19__DMA_HandleTypeDef 0x08004ab0   Section        0  stm32f4xx_hal_uart.o(i._ZN42_INTERNAL_20_stm32f4xx_hal_uart_c_d497114f19UART_DMAReceiveCpltEP19__DMA_HandleTypeDef)
    [local to stm32f4xx_hal_uart_c]::UART_DMAReceiveCplt(__DMA_HandleTypeDef*) 0x08004ab1   Thumb Code   176  stm32f4xx_hal_uart.o(i._ZN42_INTERNAL_20_stm32f4xx_hal_uart_c_d497114f19UART_DMAReceiveCpltEP19__DMA_HandleTypeDef)
    i._ZN42_INTERNAL_20_stm32f4xx_hal_uart_c_d497114f19UART_EndTransmit_ITEP20__UART_HandleTypeDef 0x08004b60   Section        0  stm32f4xx_hal_uart.o(i._ZN42_INTERNAL_20_stm32f4xx_hal_uart_c_d497114f19UART_EndTransmit_ITEP20__UART_HandleTypeDef)
    [local to stm32f4xx_hal_uart_c]::UART_EndTransmit_IT(__UART_HandleTypeDef*) 0x08004b61   Thumb Code    32  stm32f4xx_hal_uart.o(i._ZN42_INTERNAL_20_stm32f4xx_hal_uart_c_d497114f19UART_EndTransmit_ITEP20__UART_HandleTypeDef)
    i._ZN42_INTERNAL_20_stm32f4xx_hal_uart_c_d497114f20UART_DMAAbortOnErrorEP19__DMA_HandleTypeDef 0x08004b80   Section        0  stm32f4xx_hal_uart.o(i._ZN42_INTERNAL_20_stm32f4xx_hal_uart_c_d497114f20UART_DMAAbortOnErrorEP19__DMA_HandleTypeDef)
    [local to stm32f4xx_hal_uart_c]::UART_DMAAbortOnError(__DMA_HandleTypeDef*) 0x08004b81   Thumb Code    20  stm32f4xx_hal_uart.o(i._ZN42_INTERNAL_20_stm32f4xx_hal_uart_c_d497114f20UART_DMAAbortOnErrorEP19__DMA_HandleTypeDef)
    i._ZN42_INTERNAL_20_stm32f4xx_hal_uart_c_d497114f20UART_DMATransmitCpltEP19__DMA_HandleTypeDef 0x08004b94   Section        0  stm32f4xx_hal_uart.o(i._ZN42_INTERNAL_20_stm32f4xx_hal_uart_c_d497114f20UART_DMATransmitCpltEP19__DMA_HandleTypeDef)
    [local to stm32f4xx_hal_uart_c]::UART_DMATransmitCplt(__DMA_HandleTypeDef*) 0x08004b95   Thumb Code    88  stm32f4xx_hal_uart.o(i._ZN42_INTERNAL_20_stm32f4xx_hal_uart_c_d497114f20UART_DMATransmitCpltEP19__DMA_HandleTypeDef)
    i._ZN44_INTERNAL_22_stm32f4xx_hal_cortex_c_2992dbc018__NVIC_SetPriorityE9IRQn_Typej 0x08004bec   Section        0  stm32f4xx_hal_cortex.o(i._ZN44_INTERNAL_22_stm32f4xx_hal_cortex_c_2992dbc018__NVIC_SetPriorityE9IRQn_Typej)
    [local to stm32f4xx_hal_cortex_c]::__NVIC_SetPriority(IRQn_Type, unsigned) 0x08004bed   Thumb Code    32  stm32f4xx_hal_cortex.o(i._ZN44_INTERNAL_22_stm32f4xx_hal_cortex_c_2992dbc018__NVIC_SetPriorityE9IRQn_Typej)
    i._ZN44_INTERNAL_22_stm32f4xx_hal_cortex_c_2992dbc026__NVIC_GetPriorityGroupingEv 0x08004c14   Section        0  stm32f4xx_hal_cortex.o(i._ZN44_INTERNAL_22_stm32f4xx_hal_cortex_c_2992dbc026__NVIC_GetPriorityGroupingEv)
    [local to stm32f4xx_hal_cortex_c]::__NVIC_GetPriorityGrouping() 0x08004c15   Thumb Code    10  stm32f4xx_hal_cortex.o(i._ZN44_INTERNAL_22_stm32f4xx_hal_cortex_c_2992dbc026__NVIC_GetPriorityGroupingEv)
    i.__aeabi_vec_ctor_nocookie_nodtor       0x08004c24   Section        0  aeabi_vec_ctor_nocookie_nodtor.o(i.__aeabi_vec_ctor_nocookie_nodtor)
    i.__scatterload_copy                     0x08004c48   Section       14  handlers.o(i.__scatterload_copy)
    i.__scatterload_null                     0x08004c56   Section        2  handlers.o(i.__scatterload_null)
    i.__scatterload_zeroinit                 0x08004c58   Section       14  handlers.o(i.__scatterload_zeroinit)
    i.__sti___6_main_c_Chassis               0x08004c68   Section        0  main.o(i.__sti___6_main_c_Chassis)
    __sti___6_main_c_Chassis                 0x08004c69   Thumb Code    66  main.o(i.__sti___6_main_c_Chassis)
    i.main                                   0x08004cc0   Section        0  main.o(i.main)
    t._Z14Math_ConstrainIfEvPT_S0_S0_        0x08005f10   Section        0  pid.o(t._Z14Math_ConstrainIfEvPT_S0_S0_)
    t._Z8Math_AbsIiET_S0_                    0x08005f38   Section        0  motor.o(t._Z8Math_AbsIiET_S0_)
    .constdata                               0x08005f48   Section      336  main.o(.constdata)
    <Data1>                                  0x08006080   Data          12  main.o(.constdata)
    <Data2>                                  0x0800608c   Data          12  main.o(.constdata)
    .constdata                               0x08006098   Section        8  stm32f4xx_hal_dma.o(.constdata)
    [local to stm32f4xx_hal_dma_c]::DMA_CalcBaseAndBitshift(__DMA_HandleTypeDef*)::flagBitshiftOffset 0x08006098   Data           8  stm32f4xx_hal_dma.o(.constdata)
    .constdata                               0x080060a0   Section       24  system_stm32f4xx.o(.constdata)
    .init_array                              0x080060d8   Section        4  main.o(.init_array)
    .init_array                              0x080060dc   Section        0  cpp_init.o(.init_array)
    .data                                    0x20000000   Section       20  main.o(.data)
    .data                                    0x20000014   Section        4  stm32f4xx_it.o(.data)
    .data                                    0x20000018   Section      212  trace.o(.data)
    .data                                    0x200000ec   Section        9  stm32f4xx_hal.o(.data)
    .data                                    0x200000f8   Section        4  system_stm32f4xx.o(.data)
    .bss                                     0x200000fc   Section      824  main.o(.bss)
    .bss                                     0x20000434   Section      360  tim.o(.bss)
    .bss                                     0x2000059c   Section      328  usart.o(.bss)
    .bss                                     0x200006e4   Section       20  stm32f4xx_it.o(.bss)
    .bss                                     0x200006f8   Section       92  trace.o(.bss)
    STACK                                    0x20000758   Section     1024  startup_stm32f407xx.o(STACK)

    Global Symbols

    Symbol Name                              Value     Ov Type        Size  Object(Section)

    BuildAttributes$$THM_ISAv4$E$P$D$K$B$S$7EM$VFPi3$EXTD16$VFPS$VFMA$PE$A:L22UL41UL21$X:L11$S22US41US21$IEEE1$IW$USESV6$~STKCKD$USESV7$~SHL$OSPACE$EBA8$UX$MICROLIB$REQ8$PRES8$EABIv2 0x00000000   Number         0  anon$$obj.o ABSOLUTE
    __ARM_use_no_argv                        0x00000000   Number         0  main.o ABSOLUTE
    SHT$$ARM_EXIDX$$Base                      - Undefined Reference
    SHT$$ARM_EXIDX$$Limit                     - Undefined Reference
    __aeabi_unwind_cpp_pr1                    - Undefined Weak Reference
    __aeabi_unwind_cpp_pr2                    - Undefined Weak Reference
    __cxa_begin_cleanup                       - Undefined Weak Reference
    __cxa_call_unexpected                     - Undefined Weak Reference
    __cxa_finalize                            - Undefined Weak Reference
    __cxa_type_match                          - Undefined Weak Reference
    __decompress                              - Undefined Weak Reference
    _clock_init                               - Undefined Weak Reference
    _microlib_exit                            - Undefined Weak Reference
    __Vectors_Size                           0x00000188   Number         0  startup_stm32f407xx.o ABSOLUTE
    __Vectors                                0x08000000   Data           4  startup_stm32f407xx.o(RESET)
    __Vectors_End                            0x08000188   Data           0  startup_stm32f407xx.o(RESET)
    __main                                   0x08000189   Thumb Code     0  entry.o(.ARM.Collect$$$$00000000)
    _main_stk                                0x08000189   Thumb Code     0  entry2.o(.ARM.Collect$$$$00000001)
    _main_scatterload                        0x0800018d   Thumb Code     0  entry5.o(.ARM.Collect$$$$00000004)
    __main_after_scatterload                 0x08000191   Thumb Code     0  entry5.o(.ARM.Collect$$$$00000004)
    _main_clock                              0x08000191   Thumb Code     0  entry7b.o(.ARM.Collect$$$$00000008)
    _main_cpp_init$empty                     0x08000191   Thumb Code     0  entry8a.o(.ARM.Collect$$$$00000009)
    _main_cpp_init                           0x08000195   Thumb Code     0  entry8b.o(.ARM.Collect$$$$0000000A)
    _main_init                               0x08000195   Thumb Code     0  entry9a.o(.ARM.Collect$$$$0000000B)
    __rt_final_cpp                           0x0800019d   Thumb Code     0  entry10a.o(.ARM.Collect$$$$0000000D)
    __rt_final_exit                          0x0800019d   Thumb Code     0  entry11a.o(.ARM.Collect$$$$0000000F)
    Reset_Handler                            0x080001a1   Thumb Code     8  startup_stm32f407xx.o(.text)
    ADC_IRQHandler                           0x080001bb   Thumb Code     0  startup_stm32f407xx.o(.text)
    CAN1_RX0_IRQHandler                      0x080001bb   Thumb Code     0  startup_stm32f407xx.o(.text)
    CAN1_RX1_IRQHandler                      0x080001bb   Thumb Code     0  startup_stm32f407xx.o(.text)
    CAN1_SCE_IRQHandler                      0x080001bb   Thumb Code     0  startup_stm32f407xx.o(.text)
    CAN1_TX_IRQHandler                       0x080001bb   Thumb Code     0  startup_stm32f407xx.o(.text)
    CAN2_RX0_IRQHandler                      0x080001bb   Thumb Code     0  startup_stm32f407xx.o(.text)
    CAN2_RX1_IRQHandler                      0x080001bb   Thumb Code     0  startup_stm32f407xx.o(.text)
    CAN2_SCE_IRQHandler                      0x080001bb   Thumb Code     0  startup_stm32f407xx.o(.text)
    CAN2_TX_IRQHandler                       0x080001bb   Thumb Code     0  startup_stm32f407xx.o(.text)
    DCMI_IRQHandler                          0x080001bb   Thumb Code     0  startup_stm32f407xx.o(.text)
    DMA1_Stream0_IRQHandler                  0x080001bb   Thumb Code     0  startup_stm32f407xx.o(.text)
    DMA1_Stream1_IRQHandler                  0x080001bb   Thumb Code     0  startup_stm32f407xx.o(.text)
    DMA1_Stream2_IRQHandler                  0x080001bb   Thumb Code     0  startup_stm32f407xx.o(.text)
    DMA1_Stream3_IRQHandler                  0x080001bb   Thumb Code     0  startup_stm32f407xx.o(.text)
    DMA1_Stream4_IRQHandler                  0x080001bb   Thumb Code     0  startup_stm32f407xx.o(.text)
    DMA1_Stream5_IRQHandler                  0x080001bb   Thumb Code     0  startup_stm32f407xx.o(.text)
    DMA1_Stream6_IRQHandler                  0x080001bb   Thumb Code     0  startup_stm32f407xx.o(.text)
    DMA1_Stream7_IRQHandler                  0x080001bb   Thumb Code     0  startup_stm32f407xx.o(.text)
    DMA2_Stream0_IRQHandler                  0x080001bb   Thumb Code     0  startup_stm32f407xx.o(.text)
    DMA2_Stream1_IRQHandler                  0x080001bb   Thumb Code     0  startup_stm32f407xx.o(.text)
    DMA2_Stream3_IRQHandler                  0x080001bb   Thumb Code     0  startup_stm32f407xx.o(.text)
    DMA2_Stream4_IRQHandler                  0x080001bb   Thumb Code     0  startup_stm32f407xx.o(.text)
    DMA2_Stream5_IRQHandler                  0x080001bb   Thumb Code     0  startup_stm32f407xx.o(.text)
    DMA2_Stream6_IRQHandler                  0x080001bb   Thumb Code     0  startup_stm32f407xx.o(.text)
    ETH_IRQHandler                           0x080001bb   Thumb Code     0  startup_stm32f407xx.o(.text)
    ETH_WKUP_IRQHandler                      0x080001bb   Thumb Code     0  startup_stm32f407xx.o(.text)
    EXTI0_IRQHandler                         0x080001bb   Thumb Code     0  startup_stm32f407xx.o(.text)
    EXTI15_10_IRQHandler                     0x080001bb   Thumb Code     0  startup_stm32f407xx.o(.text)
    EXTI1_IRQHandler                         0x080001bb   Thumb Code     0  startup_stm32f407xx.o(.text)
    EXTI2_IRQHandler                         0x080001bb   Thumb Code     0  startup_stm32f407xx.o(.text)
    EXTI3_IRQHandler                         0x080001bb   Thumb Code     0  startup_stm32f407xx.o(.text)
    EXTI4_IRQHandler                         0x080001bb   Thumb Code     0  startup_stm32f407xx.o(.text)
    EXTI9_5_IRQHandler                       0x080001bb   Thumb Code     0  startup_stm32f407xx.o(.text)
    FLASH_IRQHandler                         0x080001bb   Thumb Code     0  startup_stm32f407xx.o(.text)
    FMC_IRQHandler                           0x080001bb   Thumb Code     0  startup_stm32f407xx.o(.text)
    FPU_IRQHandler                           0x080001bb   Thumb Code     0  startup_stm32f407xx.o(.text)
    HASH_RNG_IRQHandler                      0x080001bb   Thumb Code     0  startup_stm32f407xx.o(.text)
    I2C1_ER_IRQHandler                       0x080001bb   Thumb Code     0  startup_stm32f407xx.o(.text)
    I2C1_EV_IRQHandler                       0x080001bb   Thumb Code     0  startup_stm32f407xx.o(.text)
    I2C2_ER_IRQHandler                       0x080001bb   Thumb Code     0  startup_stm32f407xx.o(.text)
    I2C2_EV_IRQHandler                       0x080001bb   Thumb Code     0  startup_stm32f407xx.o(.text)
    I2C3_ER_IRQHandler                       0x080001bb   Thumb Code     0  startup_stm32f407xx.o(.text)
    I2C3_EV_IRQHandler                       0x080001bb   Thumb Code     0  startup_stm32f407xx.o(.text)
    OTG_FS_IRQHandler                        0x080001bb   Thumb Code     0  startup_stm32f407xx.o(.text)
    OTG_FS_WKUP_IRQHandler                   0x080001bb   Thumb Code     0  startup_stm32f407xx.o(.text)
    OTG_HS_EP1_IN_IRQHandler                 0x080001bb   Thumb Code     0  startup_stm32f407xx.o(.text)
    OTG_HS_EP1_OUT_IRQHandler                0x080001bb   Thumb Code     0  startup_stm32f407xx.o(.text)
    OTG_HS_IRQHandler                        0x080001bb   Thumb Code     0  startup_stm32f407xx.o(.text)
    OTG_HS_WKUP_IRQHandler                   0x080001bb   Thumb Code     0  startup_stm32f407xx.o(.text)
    PVD_IRQHandler                           0x080001bb   Thumb Code     0  startup_stm32f407xx.o(.text)
    RCC_IRQHandler                           0x080001bb   Thumb Code     0  startup_stm32f407xx.o(.text)
    RTC_Alarm_IRQHandler                     0x080001bb   Thumb Code     0  startup_stm32f407xx.o(.text)
    RTC_WKUP_IRQHandler                      0x080001bb   Thumb Code     0  startup_stm32f407xx.o(.text)
    SDIO_IRQHandler                          0x080001bb   Thumb Code     0  startup_stm32f407xx.o(.text)
    SPI1_IRQHandler                          0x080001bb   Thumb Code     0  startup_stm32f407xx.o(.text)
    SPI2_IRQHandler                          0x080001bb   Thumb Code     0  startup_stm32f407xx.o(.text)
    SPI3_IRQHandler                          0x080001bb   Thumb Code     0  startup_stm32f407xx.o(.text)
    TAMP_STAMP_IRQHandler                    0x080001bb   Thumb Code     0  startup_stm32f407xx.o(.text)
    TIM1_CC_IRQHandler                       0x080001bb   Thumb Code     0  startup_stm32f407xx.o(.text)
    TIM1_TRG_COM_TIM11_IRQHandler            0x080001bb   Thumb Code     0  startup_stm32f407xx.o(.text)
    TIM1_UP_TIM10_IRQHandler                 0x080001bb   Thumb Code     0  startup_stm32f407xx.o(.text)
    TIM2_IRQHandler                          0x080001bb   Thumb Code     0  startup_stm32f407xx.o(.text)
    TIM3_IRQHandler                          0x080001bb   Thumb Code     0  startup_stm32f407xx.o(.text)
    TIM4_IRQHandler                          0x080001bb   Thumb Code     0  startup_stm32f407xx.o(.text)
    TIM5_IRQHandler                          0x080001bb   Thumb Code     0  startup_stm32f407xx.o(.text)
    TIM6_DAC_IRQHandler                      0x080001bb   Thumb Code     0  startup_stm32f407xx.o(.text)
    TIM7_IRQHandler                          0x080001bb   Thumb Code     0  startup_stm32f407xx.o(.text)
    TIM8_BRK_TIM12_IRQHandler                0x080001bb   Thumb Code     0  startup_stm32f407xx.o(.text)
    TIM8_CC_IRQHandler                       0x080001bb   Thumb Code     0  startup_stm32f407xx.o(.text)
    TIM8_TRG_COM_TIM14_IRQHandler            0x080001bb   Thumb Code     0  startup_stm32f407xx.o(.text)
    TIM8_UP_TIM13_IRQHandler                 0x080001bb   Thumb Code     0  startup_stm32f407xx.o(.text)
    UART4_IRQHandler                         0x080001bb   Thumb Code     0  startup_stm32f407xx.o(.text)
    UART5_IRQHandler                         0x080001bb   Thumb Code     0  startup_stm32f407xx.o(.text)
    USART2_IRQHandler                        0x080001bb   Thumb Code     0  startup_stm32f407xx.o(.text)
    USART3_IRQHandler                        0x080001bb   Thumb Code     0  startup_stm32f407xx.o(.text)
    USART6_IRQHandler                        0x080001bb   Thumb Code     0  startup_stm32f407xx.o(.text)
    WWDG_IRQHandler                          0x080001bb   Thumb Code     0  startup_stm32f407xx.o(.text)
    __aeabi_uldivmod                         0x080001c5   Thumb Code    98  uldiv.o(.text)
    __aeabi_memcpy                           0x08000227   Thumb Code    36  memcpya.o(.text)
    __aeabi_memcpy4                          0x08000227   Thumb Code     0  memcpya.o(.text)
    __aeabi_memcpy8                          0x08000227   Thumb Code     0  memcpya.o(.text)
    __aeabi_memset                           0x0800024b   Thumb Code    14  memseta.o(.text)
    __aeabi_memset4                          0x0800024b   Thumb Code     0  memseta.o(.text)
    __aeabi_memset8                          0x0800024b   Thumb Code     0  memseta.o(.text)
    __aeabi_memclr                           0x08000259   Thumb Code     4  memseta.o(.text)
    __aeabi_memclr4                          0x08000259   Thumb Code     0  memseta.o(.text)
    __aeabi_memclr8                          0x08000259   Thumb Code     0  memseta.o(.text)
    _memset$wrapper                          0x0800025d   Thumb Code    18  memseta.o(.text)
    __cpp_initialize__aeabi_                 0x08000271   Thumb Code    22  cpp_init.o(.text)
    __aeabi_llsl                             0x08000291   Thumb Code    30  llshl.o(.text)
    _ll_shift_l                              0x08000291   Thumb Code     0  llshl.o(.text)
    __aeabi_llsr                             0x080002af   Thumb Code    32  llushr.o(.text)
    _ll_ushift_r                             0x080002af   Thumb Code     0  llushr.o(.text)
    __scatterload                            0x080002d1   Thumb Code    28  init.o(.text)
    __scatterload_rt2                        0x080002d1   Thumb Code     0  init.o(.text)
    BusFault_Handler                         0x080002f5   Thumb Code     4  stm32f4xx_it.o(i.BusFault_Handler)
    DMA2_Stream2_IRQHandler                  0x080002f9   Thumb Code    10  stm32f4xx_it.o(i.DMA2_Stream2_IRQHandler)
    DMA2_Stream7_IRQHandler                  0x08000309   Thumb Code    10  stm32f4xx_it.o(i.DMA2_Stream7_IRQHandler)
    DebugMon_Handler                         0x08000319   Thumb Code     2  stm32f4xx_it.o(i.DebugMon_Handler)
    Error_Handler                            0x0800031b   Thumb Code     6  main.o(i.Error_Handler)
    HAL_DMA_Abort                            0x08000321   Thumb Code   172  stm32f4xx_hal_dma.o(i.HAL_DMA_Abort)
    HAL_DMA_Abort_IT                         0x080003cd   Thumb Code    40  stm32f4xx_hal_dma.o(i.HAL_DMA_Abort_IT)
    HAL_DMA_IRQHandler                       0x080003f5   Thumb Code   570  stm32f4xx_hal_dma.o(i.HAL_DMA_IRQHandler)
    HAL_DMA_Init                             0x08000635   Thumb Code   232  stm32f4xx_hal_dma.o(i.HAL_DMA_Init)
    HAL_DMA_Start_IT                         0x08000721   Thumb Code   146  stm32f4xx_hal_dma.o(i.HAL_DMA_Start_IT)
    HAL_Delay                                0x080007b5   Thumb Code    36  stm32f4xx_hal.o(i.HAL_Delay)
    HAL_GPIO_Init                            0x080007dd   Thumb Code   454  stm32f4xx_hal_gpio.o(i.HAL_GPIO_Init)
    HAL_GPIO_ReadPin                         0x080009d1   Thumb Code    16  stm32f4xx_hal_gpio.o(i.HAL_GPIO_ReadPin)
    HAL_GPIO_WritePin                        0x080009e1   Thumb Code    12  stm32f4xx_hal_gpio.o(i.HAL_GPIO_WritePin)
    HAL_GetTick                              0x080009ed   Thumb Code     6  stm32f4xx_hal.o(i.HAL_GetTick)
    HAL_IncTick                              0x080009f9   Thumb Code    16  stm32f4xx_hal.o(i.HAL_IncTick)
    HAL_Init                                 0x08000a11   Thumb Code    54  stm32f4xx_hal.o(i.HAL_Init)
    HAL_InitTick                             0x08000a4d   Thumb Code    64  stm32f4xx_hal.o(i.HAL_InitTick)
    HAL_MspInit                              0x08000a99   Thumb Code    68  stm32f4xx_hal_msp.o(i.HAL_MspInit)
    HAL_NVIC_EnableIRQ                       0x08000ae1   Thumb Code    32  stm32f4xx_hal_cortex.o(i.HAL_NVIC_EnableIRQ)
    HAL_NVIC_SetPriority                     0x08000b01   Thumb Code   124  stm32f4xx_hal_cortex.o(i.HAL_NVIC_SetPriority)
    HAL_NVIC_SetPriorityGrouping             0x08000b7d   Thumb Code    32  stm32f4xx_hal_cortex.o(i.HAL_NVIC_SetPriorityGrouping)
    HAL_RCC_ClockConfig                      0x08000ba5   Thumb Code   368  stm32f4xx_hal_rcc.o(i.HAL_RCC_ClockConfig)
    HAL_RCC_GetHCLKFreq                      0x08000d29   Thumb Code     6  stm32f4xx_hal_rcc.o(i.HAL_RCC_GetHCLKFreq)
    HAL_RCC_GetPCLK1Freq                     0x08000d35   Thumb Code    22  stm32f4xx_hal_rcc.o(i.HAL_RCC_GetPCLK1Freq)
    HAL_RCC_GetPCLK2Freq                     0x08000d55   Thumb Code    22  stm32f4xx_hal_rcc.o(i.HAL_RCC_GetPCLK2Freq)
    HAL_RCC_GetSysClockFreq                  0x08000d75   Thumb Code   162  stm32f4xx_hal_rcc.o(i.HAL_RCC_GetSysClockFreq)
    HAL_RCC_OscConfig                        0x08000e25   Thumb Code  1172  stm32f4xx_hal_rcc.o(i.HAL_RCC_OscConfig)
    HAL_SYSTICK_Config                       0x080012c1   Thumb Code    52  stm32f4xx_hal_cortex.o(i.HAL_SYSTICK_Config)
    HAL_TIMEx_BreakCallback                  0x080012f5   Thumb Code     2  stm32f4xx_hal_tim_ex.o(i.HAL_TIMEx_BreakCallback)
    HAL_TIMEx_CommutCallback                 0x080012f7   Thumb Code     2  stm32f4xx_hal_tim_ex.o(i.HAL_TIMEx_CommutCallback)
    HAL_TIMEx_MasterConfigSynchronization    0x080012f9   Thumb Code   150  stm32f4xx_hal_tim_ex.o(i.HAL_TIMEx_MasterConfigSynchronization)
    HAL_TIM_Base_Init                        0x080013ad   Thumb Code   102  stm32f4xx_hal_tim.o(i.HAL_TIM_Base_Init)
    HAL_TIM_Base_MspInit                     0x08001415   Thumb Code   300  tim.o(i.HAL_TIM_Base_MspInit)
    HAL_TIM_ConfigClockSource                0x0800155d   Thumb Code   268  stm32f4xx_hal_tim.o(i.HAL_TIM_ConfigClockSource)
    HAL_TIM_IC_CaptureCallback               0x08001669   Thumb Code   120  main.o(i.HAL_TIM_IC_CaptureCallback)
    HAL_TIM_IC_ConfigChannel                 0x080016f1   Thumb Code   222  stm32f4xx_hal_tim.o(i.HAL_TIM_IC_ConfigChannel)
    HAL_TIM_IC_Init                          0x080017cf   Thumb Code   102  stm32f4xx_hal_tim.o(i.HAL_TIM_IC_Init)
    HAL_TIM_IC_MspInit                       0x08001835   Thumb Code     2  stm32f4xx_hal_tim.o(i.HAL_TIM_IC_MspInit)
    HAL_TIM_IC_Start_IT                      0x08001839   Thumb Code   372  stm32f4xx_hal_tim.o(i.HAL_TIM_IC_Start_IT)
    HAL_TIM_IC_Stop_IT                       0x080019c9   Thumb Code   222  stm32f4xx_hal_tim.o(i.HAL_TIM_IC_Stop_IT)
    HAL_TIM_IRQHandler                       0x08001aa7   Thumb Code   406  stm32f4xx_hal_tim.o(i.HAL_TIM_IRQHandler)
    HAL_TIM_MspPostInit                      0x08001c3d   Thumb Code   268  tim.o(i.HAL_TIM_MspPostInit)
    HAL_TIM_OC_DelayElapsedCallback          0x08001d65   Thumb Code     2  stm32f4xx_hal_tim.o(i.HAL_TIM_OC_DelayElapsedCallback)
    HAL_TIM_PWM_ConfigChannel                0x08001d67   Thumb Code   260  stm32f4xx_hal_tim.o(i.HAL_TIM_PWM_ConfigChannel)
    HAL_TIM_PWM_Init                         0x08001e6b   Thumb Code   102  stm32f4xx_hal_tim.o(i.HAL_TIM_PWM_Init)
    HAL_TIM_PWM_MspInit                      0x08001ed1   Thumb Code     2  stm32f4xx_hal_tim.o(i.HAL_TIM_PWM_MspInit)
    HAL_TIM_PWM_PulseFinishedCallback        0x08001ed3   Thumb Code     2  stm32f4xx_hal_tim.o(i.HAL_TIM_PWM_PulseFinishedCallback)
    HAL_TIM_PWM_Start                        0x08001ed5   Thumb Code   238  stm32f4xx_hal_tim.o(i.HAL_TIM_PWM_Start)
    HAL_TIM_PeriodElapsedCallback            0x08001fe1   Thumb Code     2  stm32f4xx_hal_tim.o(i.HAL_TIM_PeriodElapsedCallback)
    HAL_TIM_ReadCapturedValue                0x08001fe3   Thumb Code    50  stm32f4xx_hal_tim.o(i.HAL_TIM_ReadCapturedValue)
    HAL_TIM_TriggerCallback                  0x08002015   Thumb Code     2  stm32f4xx_hal_tim.o(i.HAL_TIM_TriggerCallback)
    HAL_UARTEx_RxEventCallback               0x08002017   Thumb Code     2  stm32f4xx_hal_uart.o(i.HAL_UARTEx_RxEventCallback)
    HAL_UART_ErrorCallback                   0x08002019   Thumb Code     2  stm32f4xx_hal_uart.o(i.HAL_UART_ErrorCallback)
    HAL_UART_IRQHandler                      0x0800201d   Thumb Code   732  stm32f4xx_hal_uart.o(i.HAL_UART_IRQHandler)
    HAL_UART_Init                            0x080022fd   Thumb Code   114  stm32f4xx_hal_uart.o(i.HAL_UART_Init)
    HAL_UART_MspInit                         0x08002371   Thumb Code   456  usart.o(i.HAL_UART_MspInit)
    HAL_UART_Receive_DMA                     0x08002559   Thumb Code    66  stm32f4xx_hal_uart.o(i.HAL_UART_Receive_DMA)
    HAL_UART_RxCpltCallback                  0x0800259b   Thumb Code     2  stm32f4xx_hal_uart.o(i.HAL_UART_RxCpltCallback)
    HAL_UART_RxHalfCpltCallback              0x0800259d   Thumb Code     2  stm32f4xx_hal_uart.o(i.HAL_UART_RxHalfCpltCallback)
    HAL_UART_Transmit_DMA                    0x080025a1   Thumb Code   160  stm32f4xx_hal_uart.o(i.HAL_UART_Transmit_DMA)
    HAL_UART_TxCpltCallback                  0x0800264d   Thumb Code     2  stm32f4xx_hal_uart.o(i.HAL_UART_TxCpltCallback)
    HAL_UART_TxHalfCpltCallback              0x0800264f   Thumb Code     2  stm32f4xx_hal_uart.o(i.HAL_UART_TxHalfCpltCallback)
    HardFault_Handler                        0x08002651   Thumb Code     4  stm32f4xx_it.o(i.HardFault_Handler)
    MX_DMA_Init                              0x08002655   Thumb Code    68  dma.o(i.MX_DMA_Init)
    MX_GPIO_Init                             0x0800269d   Thumb Code   512  gpio.o(i.MX_GPIO_Init)
    MX_TIM3_Init                             0x080028bd   Thumb Code   202  tim.o(i.MX_TIM3_Init)
    MX_TIM4_Init                             0x08002991   Thumb Code   170  tim.o(i.MX_TIM4_Init)
    MX_TIM5_Init                             0x08002a45   Thumb Code   100  tim.o(i.MX_TIM5_Init)
    MX_TIM7_Init                             0x08002ab1   Thumb Code    64  tim.o(i.MX_TIM7_Init)
    MX_TIM9_Init                             0x08002af9   Thumb Code   128  tim.o(i.MX_TIM9_Init)
    MX_USART1_UART_Init                      0x08002b81   Thumb Code    46  usart.o(i.MX_USART1_UART_Init)
    MX_USART2_UART_Init                      0x08002bb9   Thumb Code    46  usart.o(i.MX_USART2_UART_Init)
    MemManage_Handler                        0x08002bf1   Thumb Code     4  stm32f4xx_it.o(i.MemManage_Handler)
    NMI_Handler                              0x08002bf5   Thumb Code     4  stm32f4xx_it.o(i.NMI_Handler)
    PendSV_Handler                           0x08002bf9   Thumb Code     2  stm32f4xx_it.o(i.PendSV_Handler)
    SVC_Handler                              0x08002bfb   Thumb Code     2  stm32f4xx_it.o(i.SVC_Handler)
    SysTick_Handler                          0x08002bfd   Thumb Code     8  stm32f4xx_it.o(i.SysTick_Handler)
    SystemInit                               0x08002c05   Thumb Code    14  system_stm32f4xx.o(i.SystemInit)
    TIM1_BRK_TIM9_IRQHandler                 0x08002c19   Thumb Code    10  stm32f4xx_it.o(i.TIM1_BRK_TIM9_IRQHandler)
    TIM_Base_SetConfig                       0x08002c29   Thumb Code   170  stm32f4xx_hal_tim.o(i.TIM_Base_SetConfig)
    TIM_CCxChannelCmd                        0x08002d01   Thumb Code    34  stm32f4xx_hal_tim.o(i.TIM_CCxChannelCmd)
    TIM_ETR_SetConfig                        0x08002d23   Thumb Code    22  stm32f4xx_hal_tim.o(i.TIM_ETR_SetConfig)
    TIM_OC2_SetConfig                        0x08002d39   Thumb Code   114  stm32f4xx_hal_tim.o(i.TIM_OC2_SetConfig)
    TIM_TI1_SetConfig                        0x08002db5   Thumb Code   114  stm32f4xx_hal_tim.o(i.TIM_TI1_SetConfig)
    UART_Start_Receive_DMA                   0x08002e45   Thumb Code   196  stm32f4xx_hal_uart.o(i.UART_Start_Receive_DMA)
    USART1_IRQHandler                        0x08002f15   Thumb Code    50  stm32f4xx_it.o(i.USART1_IRQHandler)
    UsageFault_Handler                       0x08002f55   Thumb Code     4  stm32f4xx_it.o(i.UsageFault_Handler)
    check_line()                             0x08002f59   Thumb Code   324  trace.o(i._Z10check_linev)
    left_track()                             0x080030c5   Thumb Code   174  trace.o(i._Z10left_trackv)
    right_track()                            0x08003189   Thumb Code   174  trace.o(i._Z11right_trackv)
    read_redsense()                          0x0800324d   Thumb Code   262  trace.o(i._Z13read_redsensev)
    trace_check_two()                        0x0800336d   Thumb Code    42  trace.o(i._Z15trace_check_twov)
    trace_xuanzhuan()                        0x0800339d   Thumb Code   112  trace.o(i._Z15trace_xuanzhuanv)
    SystemClock_Config()                     0x08003421   Thumb Code   170  main.o(i._Z18SystemClock_Configv)
    modified_trace_pre(int)                  0x080034d5   Thumb Code   116  trace.o(i._Z18modified_trace_prei)
    trace_check_crossroad()                  0x08003559   Thumb Code    96  trace.o(i._Z21trace_check_crossroadv)
    Class_Claw::Changhu_velocity(SpeedTypeDef) 0x080035c9   Thumb Code    82  claw.o(i._ZN10Class_Claw16Changhu_velocityE12SpeedTypeDef)
    Class_Claw::Init()                       0x08003625   Thumb Code   284  claw.o(i._ZN10Class_Claw4InitEv)
    Class_Motor::Init(TIM_HandleTypeDef, unsigned char, unsigned short, GPIO_TypeDef*, unsigned short, GPIO_TypeDef*) 0x08003749   Thumb Code   138  motor.o(i._ZN11Class_Motor4InitE17TIM_HandleTypeDefhtP12GPIO_TypeDeftS2_)
    Class_Motor::Output()                    0x080037d3   Thumb Code   166  motor.o(i._ZN11Class_Motor6OutputEv)
    Class_Motor::Set_Out(int)                0x08003879   Thumb Code     4  motor.o(i._ZN11Class_Motor7Set_OutEi)
    Class_Motor::Class_Motor()               0x0800387d   Thumb Code    26  main.o(i._ZN11Class_MotorC1Ev)
    Class_Motor::Class_Motor__sub_object()   0x0800387d   Thumb Code     0  main.o(i._ZN11Class_MotorC1Ev)
    Class_Relay::set_Relay_output_situation(unsigned short) 0x0800389d   Thumb Code    36  relay.o(i._ZN11Class_Relay26set_Relay_output_situationEt)
    Class_Relay::Init(GPIO_TypeDef*, unsigned short) 0x080038c1   Thumb Code     6  relay.o(i._ZN11Class_Relay4InitEP12GPIO_TypeDeft)
    Class_Chassis::Changhu_velocity(SpeedTypeDef) 0x080038c9   Thumb Code  1978  chassis.o(i._ZN13Class_Chassis16Changhu_velocityE12SpeedTypeDef)
    Class_Chassis::Init()                    0x08004085   Thumb Code   560  chassis.o(i._ZN13Class_Chassis4InitEv)
    __aeabi_vec_ctor_nocookie_nodtor         0x08004c25   Thumb Code    36  aeabi_vec_ctor_nocookie_nodtor.o(i.__aeabi_vec_ctor_nocookie_nodtor)
    __scatterload_copy                       0x08004c49   Thumb Code    14  handlers.o(i.__scatterload_copy)
    __scatterload_null                       0x08004c57   Thumb Code     2  handlers.o(i.__scatterload_null)
    __scatterload_zeroinit                   0x08004c59   Thumb Code    14  handlers.o(i.__scatterload_zeroinit)
    main                                     0x08004cc1   Thumb Code  4676  main.o(i.main)
    void Math_Constrain<float>(T1*, T1, T1)  0x08005f11   Thumb Code    40  pid.o(t._Z14Math_ConstrainIfEvPT_S0_S0_)
    T1 Math_Abs<int>(T1)                     0x08005f39   Thumb Code    14  motor.o(t._Z8Math_AbsIiET_S0_)
    AHBPrescTable                            0x080060a0   Data          16  system_stm32f4xx.o(.constdata)
    APBPrescTable                            0x080060b0   Data           8  system_stm32f4xx.o(.constdata)
    Region$$Table$$Base                      0x080060b8   Number         0  anon$$obj.o(Region$$Table)
    Region$$Table$$Limit                     0x080060d8   Number         0  anon$$obj.o(Region$$Table)
    SHT$$INIT_ARRAY$$Base                    0x080060d8   Number         0  main.o(.init_array)
    SHT$$INIT_ARRAY$$Limit                   0x080060dc   Number         0  cpp_init.o(.init_array)
    capture_Buf                              0x20000000   Data           8  main.o(.data)
    capture_Cnt                              0x20000008   Data           1  main.o(.data)
    high_time                                0x2000000c   Data           4  main.o(.data)
    Distance                                 0x20000010   Data           4  main.o(.data)
    colorflag                                0x20000014   Data           4  stm32f4xx_it.o(.data)
    v_front                                  0x20000018   Data          12  trace.o(.data)
    v_frontlow                               0x20000024   Data          12  trace.o(.data)
    v_back                                   0x20000030   Data          12  trace.o(.data)
    v_backlow                                0x2000003c   Data          12  trace.o(.data)
    v_left                                   0x20000048   Data          12  trace.o(.data)
    v_leftlow                                0x20000054   Data          12  trace.o(.data)
    v_right                                  0x20000060   Data          12  trace.o(.data)
    v_rightlow                               0x2000006c   Data          12  trace.o(.data)
    v_rotate                                 0x20000078   Data          12  trace.o(.data)
    v_crotate                                0x20000084   Data          12  trace.o(.data)
    v_leftfront                              0x20000090   Data          12  trace.o(.data)
    v_leftback                               0x2000009c   Data          12  trace.o(.data)
    v_rightfront                             0x200000a8   Data          12  trace.o(.data)
    v_rightback                              0x200000b4   Data          12  trace.o(.data)
    v_correct_turnleft                       0x200000c0   Data          12  trace.o(.data)
    v_correct_turnright                      0x200000cc   Data          12  trace.o(.data)
    v_rotatelow                              0x200000d8   Data          12  trace.o(.data)
    state                                    0x200000e4   Data           4  trace.o(.data)
    v                                        0x200000e8   Data           4  trace.o(.data)
    uwTick                                   0x200000ec   Data           4  stm32f4xx_hal.o(.data)
    uwTickPrio                               0x200000f0   Data           4  stm32f4xx_hal.o(.data)
    uwTickFreq                               0x200000f4   Data           1  stm32f4xx_hal.o(.data)
    SystemCoreClock                          0x200000f8   Data           4  system_stm32f4xx.o(.data)
    Chassis                                  0x200000fc   Data         500  main.o(.bss)
    Claw                                     0x200002f0   Data         292  main.o(.bss)
    Relay                                    0x20000414   Data          32  main.o(.bss)
    htim3                                    0x20000434   Data          72  tim.o(.bss)
    htim4                                    0x2000047c   Data          72  tim.o(.bss)
    htim5                                    0x200004c4   Data          72  tim.o(.bss)
    htim7                                    0x2000050c   Data          72  tim.o(.bss)
    htim9                                    0x20000554   Data          72  tim.o(.bss)
    huart1                                   0x2000059c   Data          68  usart.o(.bss)
    huart2                                   0x200005e0   Data          68  usart.o(.bss)
    hdma_usart1_rx                           0x20000624   Data          96  usart.o(.bss)
    hdma_usart1_tx                           0x20000684   Data          96  usart.o(.bss)
    uart1_receive_buffer                     0x200006e4   Data          20  stm32f4xx_it.o(.bss)
    v_stop                                   0x200006f8   Data          12  trace.o(.bss)
    front                                    0x20000704   Data          20  trace.o(.bss)
    back                                     0x20000718   Data          20  trace.o(.bss)
    right                                    0x2000072c   Data          20  trace.o(.bss)
    left                                     0x20000740   Data          20  trace.o(.bss)
    __initial_sp                             0x20000b58   Data           0  startup_stm32f407xx.o(STACK)



==============================================================================

Memory Map of the image

  Image Entry point : 0x08000189

  Load Region LR_IROM1 (Base: 0x08000000, Size: 0x000061d8, Max: 0x00100000, ABSOLUTE)

    Execution Region ER_IROM1 (Exec base: 0x08000000, Load base: 0x08000000, Size: 0x000060dc, Max: 0x00100000, ABSOLUTE)

    Exec Addr    Load Addr    Size         Type   Attr      Idx    E Section Name        Object

    0x08000000   0x08000000   0x00000188   Data   RO            3    RESET               startup_stm32f407xx.o
    0x08000188   0x08000188   0x00000000   Code   RO         4069  * .ARM.Collect$$$$00000000  mc_w.l(entry.o)
    0x08000188   0x08000188   0x00000004   Code   RO         4088    .ARM.Collect$$$$00000001  mc_w.l(entry2.o)
    0x0800018c   0x0800018c   0x00000004   Code   RO         4091    .ARM.Collect$$$$00000004  mc_w.l(entry5.o)
    0x08000190   0x08000190   0x00000000   Code   RO         4093    .ARM.Collect$$$$00000008  mc_w.l(entry7b.o)
    0x08000190   0x08000190   0x00000004   Code   RO         4094    .ARM.Collect$$$$00000009  mc_w.l(entry8a.o)
    0x08000194   0x08000194   0x00000000   Code   RO         4095    .ARM.Collect$$$$0000000A  mc_w.l(entry8b.o)
    0x08000194   0x08000194   0x00000008   Code   RO         4096    .ARM.Collect$$$$0000000B  mc_w.l(entry9a.o)
    0x0800019c   0x0800019c   0x00000000   Code   RO         4098    .ARM.Collect$$$$0000000D  mc_w.l(entry10a.o)
    0x0800019c   0x0800019c   0x00000000   Code   RO         4100    .ARM.Collect$$$$0000000F  mc_w.l(entry11a.o)
    0x0800019c   0x0800019c   0x00000004   Code   RO         4089    .ARM.Collect$$$$00002712  mc_w.l(entry2.o)
    0x080001a0   0x080001a0   0x00000024   Code   RO            4    .text               startup_stm32f407xx.o
    0x080001c4   0x080001c4   0x00000062   Code   RO         4072    .text               mc_w.l(uldiv.o)
    0x08000226   0x08000226   0x00000024   Code   RO         4074    .text               mc_w.l(memcpya.o)
    0x0800024a   0x0800024a   0x00000024   Code   RO         4076    .text               mc_w.l(memseta.o)
    0x0800026e   0x0800026e   0x00000002   PAD
    0x08000270   0x08000270   0x00000020   Code   RO         4083    .text               mc_w.l(cpp_init.o)
    0x08000290   0x08000290   0x0000001e   Code   RO         4102    .text               mc_w.l(llshl.o)
    0x080002ae   0x080002ae   0x00000020   Code   RO         4104    .text               mc_w.l(llushr.o)
    0x080002ce   0x080002ce   0x00000002   PAD
    0x080002d0   0x080002d0   0x00000024   Code   RO         4109    .text               mc_w.l(init.o)
    0x080002f4   0x080002f4   0x00000004   Code   RO          492    i.BusFault_Handler  stm32f4xx_it.o
    0x080002f8   0x080002f8   0x00000010   Code   RO          493    i.DMA2_Stream2_IRQHandler  stm32f4xx_it.o
    0x08000308   0x08000308   0x00000010   Code   RO          494    i.DMA2_Stream7_IRQHandler  stm32f4xx_it.o
    0x08000318   0x08000318   0x00000002   Code   RO          495    i.DebugMon_Handler  stm32f4xx_it.o
    0x0800031a   0x0800031a   0x00000006   Code   RO           13    i.Error_Handler     main.o
    0x08000320   0x08000320   0x000000ac   Code   RO         2830    i.HAL_DMA_Abort     stm32f4xx_hal_dma.o
    0x080003cc   0x080003cc   0x00000028   Code   RO         2831    i.HAL_DMA_Abort_IT  stm32f4xx_hal_dma.o
    0x080003f4   0x080003f4   0x00000240   Code   RO         2835    i.HAL_DMA_IRQHandler  stm32f4xx_hal_dma.o
    0x08000634   0x08000634   0x000000ec   Code   RO         2836    i.HAL_DMA_Init      stm32f4xx_hal_dma.o
    0x08000720   0x08000720   0x00000092   Code   RO         2839    i.HAL_DMA_Start_IT  stm32f4xx_hal_dma.o
    0x080007b2   0x080007b2   0x00000002   PAD
    0x080007b4   0x080007b4   0x00000028   Code   RO         3315    i.HAL_Delay         stm32f4xx_hal.o
    0x080007dc   0x080007dc   0x000001f4   Code   RO         2714    i.HAL_GPIO_Init     stm32f4xx_hal_gpio.o
    0x080009d0   0x080009d0   0x00000010   Code   RO         2716    i.HAL_GPIO_ReadPin  stm32f4xx_hal_gpio.o
    0x080009e0   0x080009e0   0x0000000c   Code   RO         2718    i.HAL_GPIO_WritePin  stm32f4xx_hal_gpio.o
    0x080009ec   0x080009ec   0x0000000c   Code   RO         3321    i.HAL_GetTick       stm32f4xx_hal.o
    0x080009f8   0x080009f8   0x00000018   Code   RO         3327    i.HAL_IncTick       stm32f4xx_hal.o
    0x08000a10   0x08000a10   0x0000003c   Code   RO         3328    i.HAL_Init          stm32f4xx_hal.o
    0x08000a4c   0x08000a4c   0x0000004c   Code   RO         3329    i.HAL_InitTick      stm32f4xx_hal.o
    0x08000a98   0x08000a98   0x00000048   Code   RO          609    i.HAL_MspInit       stm32f4xx_hal_msp.o
    0x08000ae0   0x08000ae0   0x00000020   Code   RO         3153    i.HAL_NVIC_EnableIRQ  stm32f4xx_hal_cortex.o
    0x08000b00   0x08000b00   0x0000007c   Code   RO         3159    i.HAL_NVIC_SetPriority  stm32f4xx_hal_cortex.o
    0x08000b7c   0x08000b7c   0x00000028   Code   RO         3160    i.HAL_NVIC_SetPriorityGrouping  stm32f4xx_hal_cortex.o
    0x08000ba4   0x08000ba4   0x00000184   Code   RO         2262    i.HAL_RCC_ClockConfig  stm32f4xx_hal_rcc.o
    0x08000d28   0x08000d28   0x0000000c   Code   RO         2267    i.HAL_RCC_GetHCLKFreq  stm32f4xx_hal_rcc.o
    0x08000d34   0x08000d34   0x00000020   Code   RO         2269    i.HAL_RCC_GetPCLK1Freq  stm32f4xx_hal_rcc.o
    0x08000d54   0x08000d54   0x00000020   Code   RO         2270    i.HAL_RCC_GetPCLK2Freq  stm32f4xx_hal_rcc.o
    0x08000d74   0x08000d74   0x000000b0   Code   RO         2271    i.HAL_RCC_GetSysClockFreq  stm32f4xx_hal_rcc.o
    0x08000e24   0x08000e24   0x0000049c   Code   RO         2274    i.HAL_RCC_OscConfig  stm32f4xx_hal_rcc.o
    0x080012c0   0x080012c0   0x00000034   Code   RO         3164    i.HAL_SYSTICK_Config  stm32f4xx_hal_cortex.o
    0x080012f4   0x080012f4   0x00000002   Code   RO         1952    i.HAL_TIMEx_BreakCallback  stm32f4xx_hal_tim_ex.o
    0x080012f6   0x080012f6   0x00000002   Code   RO         1953    i.HAL_TIMEx_CommutCallback  stm32f4xx_hal_tim_ex.o
    0x080012f8   0x080012f8   0x000000b4   Code   RO         1971    i.HAL_TIMEx_MasterConfigSynchronization  stm32f4xx_hal_tim_ex.o
    0x080013ac   0x080013ac   0x00000066   Code   RO         1118    i.HAL_TIM_Base_Init  stm32f4xx_hal_tim.o
    0x08001412   0x08001412   0x00000002   PAD
    0x08001414   0x08001414   0x00000148   Code   RO          342    i.HAL_TIM_Base_MspInit  tim.o
    0x0800155c   0x0800155c   0x0000010c   Code   RO         1127    i.HAL_TIM_ConfigClockSource  stm32f4xx_hal_tim.o
    0x08001668   0x08001668   0x00000088   Code   RO           14    i.HAL_TIM_IC_CaptureCallback  main.o
    0x080016f0   0x080016f0   0x000000de   Code   RO         1154    i.HAL_TIM_IC_ConfigChannel  stm32f4xx_hal_tim.o
    0x080017ce   0x080017ce   0x00000066   Code   RO         1157    i.HAL_TIM_IC_Init   stm32f4xx_hal_tim.o
    0x08001834   0x08001834   0x00000002   Code   RO         1159    i.HAL_TIM_IC_MspInit  stm32f4xx_hal_tim.o
    0x08001836   0x08001836   0x00000002   PAD
    0x08001838   0x08001838   0x00000190   Code   RO         1162    i.HAL_TIM_IC_Start_IT  stm32f4xx_hal_tim.o
    0x080019c8   0x080019c8   0x000000de   Code   RO         1165    i.HAL_TIM_IC_Stop_IT  stm32f4xx_hal_tim.o
    0x08001aa6   0x08001aa6   0x00000196   Code   RO         1166    i.HAL_TIM_IRQHandler  stm32f4xx_hal_tim.o
    0x08001c3c   0x08001c3c   0x00000128   Code   RO          343    i.HAL_TIM_MspPostInit  tim.o
    0x08001d64   0x08001d64   0x00000002   Code   RO         1169    i.HAL_TIM_OC_DelayElapsedCallback  stm32f4xx_hal_tim.o
    0x08001d66   0x08001d66   0x00000104   Code   RO         1190    i.HAL_TIM_PWM_ConfigChannel  stm32f4xx_hal_tim.o
    0x08001e6a   0x08001e6a   0x00000066   Code   RO         1193    i.HAL_TIM_PWM_Init  stm32f4xx_hal_tim.o
    0x08001ed0   0x08001ed0   0x00000002   Code   RO         1195    i.HAL_TIM_PWM_MspInit  stm32f4xx_hal_tim.o
    0x08001ed2   0x08001ed2   0x00000002   Code   RO         1196    i.HAL_TIM_PWM_PulseFinishedCallback  stm32f4xx_hal_tim.o
    0x08001ed4   0x08001ed4   0x0000010c   Code   RO         1198    i.HAL_TIM_PWM_Start  stm32f4xx_hal_tim.o
    0x08001fe0   0x08001fe0   0x00000002   Code   RO         1204    i.HAL_TIM_PeriodElapsedCallback  stm32f4xx_hal_tim.o
    0x08001fe2   0x08001fe2   0x00000032   Code   RO         1206    i.HAL_TIM_ReadCapturedValue  stm32f4xx_hal_tim.o
    0x08002014   0x08002014   0x00000002   Code   RO         1209    i.HAL_TIM_TriggerCallback  stm32f4xx_hal_tim.o
    0x08002016   0x08002016   0x00000002   Code   RO         3613    i.HAL_UARTEx_RxEventCallback  stm32f4xx_hal_uart.o
    0x08002018   0x08002018   0x00000002   Code   RO         3627    i.HAL_UART_ErrorCallback  stm32f4xx_hal_uart.o
    0x0800201a   0x0800201a   0x00000002   PAD
    0x0800201c   0x0800201c   0x000002e0   Code   RO         3630    i.HAL_UART_IRQHandler  stm32f4xx_hal_uart.o
    0x080022fc   0x080022fc   0x00000072   Code   RO         3631    i.HAL_UART_Init     stm32f4xx_hal_uart.o
    0x0800236e   0x0800236e   0x00000002   PAD
    0x08002370   0x08002370   0x000001e8   Code   RO          429    i.HAL_UART_MspInit  usart.o
    0x08002558   0x08002558   0x00000042   Code   RO         3635    i.HAL_UART_Receive_DMA  stm32f4xx_hal_uart.o
    0x0800259a   0x0800259a   0x00000002   Code   RO         3637    i.HAL_UART_RxCpltCallback  stm32f4xx_hal_uart.o
    0x0800259c   0x0800259c   0x00000002   Code   RO         3638    i.HAL_UART_RxHalfCpltCallback  stm32f4xx_hal_uart.o
    0x0800259e   0x0800259e   0x00000002   PAD
    0x080025a0   0x080025a0   0x000000ac   Code   RO         3640    i.HAL_UART_Transmit_DMA  stm32f4xx_hal_uart.o
    0x0800264c   0x0800264c   0x00000002   Code   RO         3642    i.HAL_UART_TxCpltCallback  stm32f4xx_hal_uart.o
    0x0800264e   0x0800264e   0x00000002   Code   RO         3643    i.HAL_UART_TxHalfCpltCallback  stm32f4xx_hal_uart.o
    0x08002650   0x08002650   0x00000004   Code   RO          496    i.HardFault_Handler  stm32f4xx_it.o
    0x08002654   0x08002654   0x00000048   Code   RO          316    i.MX_DMA_Init       dma.o
    0x0800269c   0x0800269c   0x00000220   Code   RO          231    i.MX_GPIO_Init      gpio.o
    0x080028bc   0x080028bc   0x000000d4   Code   RO          344    i.MX_TIM3_Init      tim.o
    0x08002990   0x08002990   0x000000b4   Code   RO          345    i.MX_TIM4_Init      tim.o
    0x08002a44   0x08002a44   0x0000006c   Code   RO          346    i.MX_TIM5_Init      tim.o
    0x08002ab0   0x08002ab0   0x00000048   Code   RO          347    i.MX_TIM7_Init      tim.o
    0x08002af8   0x08002af8   0x00000088   Code   RO          348    i.MX_TIM9_Init      tim.o
    0x08002b80   0x08002b80   0x00000038   Code   RO          430    i.MX_USART1_UART_Init  usart.o
    0x08002bb8   0x08002bb8   0x00000038   Code   RO          431    i.MX_USART2_UART_Init  usart.o
    0x08002bf0   0x08002bf0   0x00000004   Code   RO          497    i.MemManage_Handler  stm32f4xx_it.o
    0x08002bf4   0x08002bf4   0x00000004   Code   RO          498    i.NMI_Handler       stm32f4xx_it.o
    0x08002bf8   0x08002bf8   0x00000002   Code   RO          499    i.PendSV_Handler    stm32f4xx_it.o
    0x08002bfa   0x08002bfa   0x00000002   Code   RO          500    i.SVC_Handler       stm32f4xx_it.o
    0x08002bfc   0x08002bfc   0x00000008   Code   RO          501    i.SysTick_Handler   stm32f4xx_it.o
    0x08002c04   0x08002c04   0x00000014   Code   RO         4031    i.SystemInit        system_stm32f4xx.o
    0x08002c18   0x08002c18   0x00000010   Code   RO          502    i.TIM1_BRK_TIM9_IRQHandler  stm32f4xx_it.o
    0x08002c28   0x08002c28   0x000000d8   Code   RO         1211    i.TIM_Base_SetConfig  stm32f4xx_hal_tim.o
    0x08002d00   0x08002d00   0x00000022   Code   RO         1212    i.TIM_CCxChannelCmd  stm32f4xx_hal_tim.o
    0x08002d22   0x08002d22   0x00000016   Code   RO         1217    i.TIM_ETR_SetConfig  stm32f4xx_hal_tim.o
    0x08002d38   0x08002d38   0x0000007c   Code   RO         1218    i.TIM_OC2_SetConfig  stm32f4xx_hal_tim.o
    0x08002db4   0x08002db4   0x00000090   Code   RO         1219    i.TIM_TI1_SetConfig  stm32f4xx_hal_tim.o
    0x08002e44   0x08002e44   0x000000d0   Code   RO         3644    i.UART_Start_Receive_DMA  stm32f4xx_hal_uart.o
    0x08002f14   0x08002f14   0x00000040   Code   RO          503    i.USART1_IRQHandler  stm32f4xx_it.o
    0x08002f54   0x08002f54   0x00000004   Code   RO          504    i.UsageFault_Handler  stm32f4xx_it.o
    0x08002f58   0x08002f58   0x0000016c   Code   RO         1031    i._Z10check_linev   trace.o
    0x080030c4   0x080030c4   0x000000c4   Code   RO         1032    i._Z10left_trackv   trace.o
    0x08003188   0x08003188   0x000000c4   Code   RO         1033    i._Z11right_trackv  trace.o
    0x0800324c   0x0800324c   0x00000120   Code   RO         1034    i._Z13read_redsensev  trace.o
    0x0800336c   0x0800336c   0x00000030   Code   RO         1035    i._Z15trace_check_twov  trace.o
    0x0800339c   0x0800339c   0x00000084   Code   RO         1036    i._Z15trace_xuanzhuanv  trace.o
    0x08003420   0x08003420   0x000000b4   Code   RO           17    i._Z18SystemClock_Configv  main.o
    0x080034d4   0x080034d4   0x00000084   Code   RO         1037    i._Z18modified_trace_prei  trace.o
    0x08003558   0x08003558   0x00000070   Code   RO         1038    i._Z21trace_check_crossroadv  trace.o
    0x080035c8   0x080035c8   0x0000005c   Code   RO          955    i._ZN10Class_Claw16Changhu_velocityE12SpeedTypeDef  claw.o
    0x08003624   0x08003624   0x00000124   Code   RO          956    i._ZN10Class_Claw4InitEv  claw.o
    0x08003748   0x08003748   0x0000008a   Code   RO          640    i._ZN11Class_Motor4InitE17TIM_HandleTypeDefhtP12GPIO_TypeDeftS2_  motor.o
    0x080037d2   0x080037d2   0x000000a6   Code   RO          641    i._ZN11Class_Motor6OutputEv  motor.o
    0x08003878   0x08003878   0x00000004   Code   RO          643    i._ZN11Class_Motor7Set_OutEi  motor.o
    0x0800387c   0x0800387c   0x00000020   Code   RO           76    i._ZN11Class_MotorC1Ev  main.o
    0x0800389c   0x0800389c   0x00000024   Code   RO          998    i._ZN11Class_Relay26set_Relay_output_situationEt  relay.o
    0x080038c0   0x080038c0   0x00000006   Code   RO          999    i._ZN11Class_Relay4InitEP12GPIO_TypeDeft  relay.o
    0x080038c6   0x080038c6   0x00000002   PAD
    0x080038c8   0x080038c8   0x000007ba   Code   RO          910    i._ZN13Class_Chassis16Changhu_velocityE12SpeedTypeDef  chassis.o
    0x08004082   0x08004082   0x00000002   PAD
    0x08004084   0x08004084   0x00000240   Code   RO          911    i._ZN13Class_Chassis4InitEv  chassis.o
    0x080042c4   0x080042c4   0x0000002c   Code   RO         2842    i._ZN41_INTERNAL_19_stm32f4xx_hal_dma_c_c25f65ec13DMA_SetConfigEP19__DMA_HandleTypeDefjjj  stm32f4xx_hal_dma.o
    0x080042f0   0x080042f0   0x000000aa   Code   RO         2843    i._ZN41_INTERNAL_19_stm32f4xx_hal_dma_c_c25f65ec18DMA_CheckFifoParamEP19__DMA_HandleTypeDef  stm32f4xx_hal_dma.o
    0x0800439a   0x0800439a   0x00000002   PAD
    0x0800439c   0x0800439c   0x00000034   Code   RO         2844    i._ZN41_INTERNAL_19_stm32f4xx_hal_dma_c_c25f65ec23DMA_CalcBaseAndBitshiftEP19__DMA_HandleTypeDef  stm32f4xx_hal_dma.o
    0x080043d0   0x080043d0   0x00000070   Code   RO         1220    i._ZN41_INTERNAL_19_stm32f4xx_hal_tim_c_a9d95b5217TIM_OC1_SetConfigEP11TIM_TypeDefP18TIM_OC_InitTypeDef  stm32f4xx_hal_tim.o
    0x08004440   0x08004440   0x00000078   Code   RO         1221    i._ZN41_INTERNAL_19_stm32f4xx_hal_tim_c_a9d95b5217TIM_OC3_SetConfigEP11TIM_TypeDefP18TIM_OC_InitTypeDef  stm32f4xx_hal_tim.o
    0x080044b8   0x080044b8   0x00000054   Code   RO         1222    i._ZN41_INTERNAL_19_stm32f4xx_hal_tim_c_a9d95b5217TIM_OC4_SetConfigEP11TIM_TypeDefP18TIM_OC_InitTypeDef  stm32f4xx_hal_tim.o
    0x0800450c   0x0800450c   0x0000003a   Code   RO         1223    i._ZN41_INTERNAL_19_stm32f4xx_hal_tim_c_a9d95b5217TIM_TI2_SetConfigEP11TIM_TypeDefjjj  stm32f4xx_hal_tim.o
    0x08004546   0x08004546   0x00000038   Code   RO         1224    i._ZN41_INTERNAL_19_stm32f4xx_hal_tim_c_a9d95b5217TIM_TI3_SetConfigEP11TIM_TypeDefjjj  stm32f4xx_hal_tim.o
    0x0800457e   0x0800457e   0x0000003c   Code   RO         1225    i._ZN41_INTERNAL_19_stm32f4xx_hal_tim_c_a9d95b5217TIM_TI4_SetConfigEP11TIM_TypeDefjjj  stm32f4xx_hal_tim.o
    0x080045ba   0x080045ba   0x00000012   Code   RO         1227    i._ZN41_INTERNAL_19_stm32f4xx_hal_tim_c_a9d95b5218TIM_ITRx_SetConfigEP11TIM_TypeDefj  stm32f4xx_hal_tim.o
    0x080045cc   0x080045cc   0x00000026   Code   RO         1232    i._ZN41_INTERNAL_19_stm32f4xx_hal_tim_c_a9d95b5224TIM_TI1_ConfigInputStageEP11TIM_TypeDefjj  stm32f4xx_hal_tim.o
    0x080045f2   0x080045f2   0x00000028   Code   RO         1233    i._ZN41_INTERNAL_19_stm32f4xx_hal_tim_c_a9d95b5224TIM_TI2_ConfigInputStageEP11TIM_TypeDefjj  stm32f4xx_hal_tim.o
    0x0800461a   0x0800461a   0x00000050   Code   RO         3646    i._ZN42_INTERNAL_20_stm32f4xx_hal_uart_c_d497114f13UART_DMAErrorEP19__DMA_HandleTypeDef  stm32f4xx_hal_uart.o
    0x0800466a   0x0800466a   0x00000002   PAD
    0x0800466c   0x0800466c   0x0000022c   Code   RO         3647    i._ZN42_INTERNAL_20_stm32f4xx_hal_uart_c_d497114f14UART_SetConfigEP20__UART_HandleTypeDef  stm32f4xx_hal_uart.o
    0x08004898   0x08004898   0x000000f8   Code   RO         3648    i._ZN42_INTERNAL_20_stm32f4xx_hal_uart_c_d497114f15UART_Receive_ITEP20__UART_HandleTypeDef  stm32f4xx_hal_uart.o
    0x08004990   0x08004990   0x00000060   Code   RO         3649    i._ZN42_INTERNAL_20_stm32f4xx_hal_uart_c_d497114f16UART_Transmit_ITEP20__UART_HandleTypeDef  stm32f4xx_hal_uart.o
    0x080049f0   0x080049f0   0x00000020   Code   RO         3650    i._ZN42_INTERNAL_20_stm32f4xx_hal_uart_c_d497114f18UART_DMARxHalfCpltEP19__DMA_HandleTypeDef  stm32f4xx_hal_uart.o
    0x08004a10   0x08004a10   0x0000000e   Code   RO         3651    i._ZN42_INTERNAL_20_stm32f4xx_hal_uart_c_d497114f18UART_DMATxHalfCpltEP19__DMA_HandleTypeDef  stm32f4xx_hal_uart.o
    0x08004a1e   0x08004a1e   0x0000006c   Code   RO         3652    i._ZN42_INTERNAL_20_stm32f4xx_hal_uart_c_d497114f18UART_EndRxTransferEP20__UART_HandleTypeDef  stm32f4xx_hal_uart.o
    0x08004a8a   0x08004a8a   0x00000026   Code   RO         3653    i._ZN42_INTERNAL_20_stm32f4xx_hal_uart_c_d497114f18UART_EndTxTransferEP20__UART_HandleTypeDef  stm32f4xx_hal_uart.o
    0x08004ab0   0x08004ab0   0x000000b0   Code   RO         3654    i._ZN42_INTERNAL_20_stm32f4xx_hal_uart_c_d497114f19UART_DMAReceiveCpltEP19__DMA_HandleTypeDef  stm32f4xx_hal_uart.o
    0x08004b60   0x08004b60   0x00000020   Code   RO         3655    i._ZN42_INTERNAL_20_stm32f4xx_hal_uart_c_d497114f19UART_EndTransmit_ITEP20__UART_HandleTypeDef  stm32f4xx_hal_uart.o
    0x08004b80   0x08004b80   0x00000014   Code   RO         3656    i._ZN42_INTERNAL_20_stm32f4xx_hal_uart_c_d497114f20UART_DMAAbortOnErrorEP19__DMA_HandleTypeDef  stm32f4xx_hal_uart.o
    0x08004b94   0x08004b94   0x00000058   Code   RO         3657    i._ZN42_INTERNAL_20_stm32f4xx_hal_uart_c_d497114f20UART_DMATransmitCpltEP19__DMA_HandleTypeDef  stm32f4xx_hal_uart.o
    0x08004bec   0x08004bec   0x00000028   Code   RO         3166    i._ZN44_INTERNAL_22_stm32f4xx_hal_cortex_c_2992dbc018__NVIC_SetPriorityE9IRQn_Typej  stm32f4xx_hal_cortex.o
    0x08004c14   0x08004c14   0x00000010   Code   RO         3167    i._ZN44_INTERNAL_22_stm32f4xx_hal_cortex_c_2992dbc026__NVIC_GetPriorityGroupingEv  stm32f4xx_hal_cortex.o
    0x08004c24   0x08004c24   0x00000024   Code   RO         4066    i.__aeabi_vec_ctor_nocookie_nodtor  cpprt_w.l(aeabi_vec_ctor_nocookie_nodtor.o)
    0x08004c48   0x08004c48   0x0000000e   Code   RO         4154    i.__scatterload_copy  mc_w.l(handlers.o)
    0x08004c56   0x08004c56   0x00000002   Code   RO         4155    i.__scatterload_null  mc_w.l(handlers.o)
    0x08004c58   0x08004c58   0x0000000e   Code   RO         4156    i.__scatterload_zeroinit  mc_w.l(handlers.o)
    0x08004c66   0x08004c66   0x00000002   PAD
    0x08004c68   0x08004c68   0x00000058   Code   RO           18    i.__sti___6_main_c_Chassis  main.o
    0x08004cc0   0x08004cc0   0x00001250   Code   RO           19    i.main              main.o
    0x08005f10   0x08005f10   0x00000028   Code   RO          892    t._Z14Math_ConstrainIfEvPT_S0_S0_  pid.o
    0x08005f38   0x08005f38   0x0000000e   Code   RO          760    t._Z8Math_AbsIiET_S0_  motor.o
    0x08005f46   0x08005f46   0x00000002   PAD
    0x08005f48   0x08005f48   0x00000150   Data   RO           28    .constdata          main.o
    0x08006098   0x08006098   0x00000008   Data   RO         2860    .constdata          stm32f4xx_hal_dma.o
    0x080060a0   0x080060a0   0x00000018   Data   RO         4034    .constdata          system_stm32f4xx.o
    0x080060b8   0x080060b8   0x00000020   Data   RO         4152    Region$$Table       anon$$obj.o
    0x080060d8   0x080060d8   0x00000004   Data   RO           30    .init_array         main.o
    0x080060dc   0x080060d8   0x00000000   Data   RO         4081    .init_array         mc_w.l(cpp_init.o)


    Execution Region RW_IRAM2 (Exec base: 0x10000000, Load base: 0x080061d8, Size: 0x00000000, Max: 0x00010000, ABSOLUTE)

    **** No section assigned to this execution region ****


    Execution Region RW_IRAM1 (Exec base: 0x20000000, Load base: 0x080060dc, Size: 0x00000b58, Max: 0x00020000, ABSOLUTE)

    Exec Addr    Load Addr    Size         Type   Attr      Idx    E Section Name        Object

    0x20000000   0x080060dc   0x00000014   Data   RW           29    .data               main.o
    0x20000014   0x080060f0   0x00000004   Data   RW          519    .data               stm32f4xx_it.o
    0x20000018   0x080060f4   0x000000d4   Data   RW         1048    .data               trace.o
    0x200000ec   0x080061c8   0x00000009   Data   RW         3362    .data               stm32f4xx_hal.o
    0x200000f5   0x080061d1   0x00000003   PAD
    0x200000f8   0x080061d4   0x00000004   Data   RW         4035    .data               system_stm32f4xx.o
    0x200000fc        -       0x00000338   Zero   RW           27    .bss                main.o
    0x20000434        -       0x00000168   Zero   RW          359    .bss                tim.o
    0x2000059c        -       0x00000148   Zero   RW          440    .bss                usart.o
    0x200006e4        -       0x00000014   Zero   RW          518    .bss                stm32f4xx_it.o
    0x200006f8        -       0x0000005c   Zero   RW         1047    .bss                trace.o
    0x20000754   0x080061d8   0x00000004   PAD
    0x20000758        -       0x00000400   Zero   RW            1    STACK               startup_stm32f407xx.o


==============================================================================

Image component sizes


      Code (inc. data)   RO Data    RW Data    ZI Data      Debug   Object Name

      2554         34          0          0          0       2616   chassis.o
       384         18          0          0          0       1712   claw.o
        72          4          0          0          0        838   dma.o
       544         32          0          0          0     684579   gpio.o
      5130        202        340         20        824     688459   main.o
       322          0          0          0          0       5011   motor.o
        40          0          0          0          0        637   pid.o
        42          0          0          0          0       1976   relay.o
        36          8        392          0       1024        856   startup_stm32f407xx.o
       212         36          0          9          0       9589   stm32f4xx_hal.o
       304         22          0          0          0      34603   stm32f4xx_hal_cortex.o
      1436         16          8          0          0       7250   stm32f4xx_hal_dma.o
       528         46          0          0          0       2895   stm32f4xx_hal_gpio.o
        72          4          0          0          0        922   stm32f4xx_hal_msp.o
      1820         84          0          0          0       5792   stm32f4xx_hal_rcc.o
      3540        170          0          0          0      24412   stm32f4xx_hal_tim.o
       184         30          0          0          0       2605   stm32f4xx_hal_tim_ex.o
      2796         38          0          0          0      17968   stm32f4xx_hal_uart.o
       146         32          0          4         20       7355   stm32f4xx_it.o
        20          6         24          4          0       1215   system_stm32f4xx.o
      1332        100          0          0        360       5820   tim.o
      1468        168          0        212         92       6404   trace.o
       600         52          0          0        328       2793   usart.o

    ----------------------------------------------------------------------
     23604       1102        796        252       2652    1516307   Object Totals
         0          0         32          0          0          0   (incl. Generated)
        22          0          0          3          4          0   (incl. Padding)

    ----------------------------------------------------------------------

      Code (inc. data)   RO Data    RW Data    ZI Data      Debug   Library Member Name

        36          0          0          0          0         84   aeabi_vec_ctor_nocookie_nodtor.o
        32         10          0          0          0         80   cpp_init.o
         0          0          0          0          0          0   entry.o
         0          0          0          0          0          0   entry10a.o
         0          0          0          0          0          0   entry11a.o
         8          4          0          0          0          0   entry2.o
         4          0          0          0          0          0   entry5.o
         0          0          0          0          0          0   entry7b.o
         4          0          0          0          0          0   entry8a.o
         0          0          0          0          0          0   entry8b.o
         8          4          0          0          0          0   entry9a.o
        30          0          0          0          0          0   handlers.o
        36          8          0          0          0         68   init.o
        30          0          0          0          0         68   llshl.o
        32          0          0          0          0         68   llushr.o
        36          0          0          0          0         68   memcpya.o
        36          0          0          0          0        108   memseta.o
        98          0          0          0          0         92   uldiv.o

    ----------------------------------------------------------------------
       396         26          0          0          0        636   Library Totals
         6          0          0          0          0          0   (incl. Padding)

    ----------------------------------------------------------------------

      Code (inc. data)   RO Data    RW Data    ZI Data      Debug   Library Name

        36          0          0          0          0         84   cpprt_w.l
       354         26          0          0          0        552   mc_w.l

    ----------------------------------------------------------------------
       396         26          0          0          0        636   Library Totals

    ----------------------------------------------------------------------

==============================================================================


      Code (inc. data)   RO Data    RW Data    ZI Data      Debug   

     24000       1128        796        252       2652    1503887   Grand Totals
     24000       1128        796        252       2652    1503887   ELF Image Totals
     24000       1128        796        252          0          0   ROM Totals

==============================================================================

    Total RO  Size (Code + RO Data)                24796 (  24.21kB)
    Total RW  Size (RW Data + ZI Data)              2904 (   2.84kB)
    Total ROM Size (Code + RO Data + RW Data)      25048 (  24.46kB)

==============================================================================

